13:42:33 **** Build of configuration Debug for project DoAnNe ****
make -j12 all 
arm-none-eabi-gcc "C:/Users/ASUS/STM32Cube/Repository/STM32Cube_FW_F4_V1.28.3/Drivers/STM32F4xx_HAL_Driver/Src/stm32f4xx_hal.c" -mcpu=cortex-m4 -std=gnu11 -g3 -DDEBUG -DUSE_HAL_DRIVER -DSTM32F407xx -c -I../Core/Inc -IC:/Users/ASUS/STM32Cube/Repository/STM32Cube_FW_F4_V1.28.3/Drivers/STM32F4xx_HAL_Driver/Inc -IC:/Users/ASUS/STM32Cube/Repository/STM32Cube_FW_F4_V1.28.3/Drivers/STM32F4xx_HAL_Driver/Inc/Legacy -IC:/Users/ASUS/STM32Cube/Repository/STM32Cube_FW_F4_V1.28.3/Drivers/CMSIS/Device/ST/STM32F4xx/Include -IC:/Users/ASUS/STM32Cube/Repository/STM32Cube_FW_F4_V1.28.3/Drivers/CMSIS/Include -O0 -ffunction-sections -fdata-sections -Wall -fstack-usage -fcyclomatic-complexity -MMD -MP -MF"Drivers/STM32F4xx_HAL_Driver/stm32f4xx_hal.d" -MT"Drivers/STM32F4xx_HAL_Driver/stm32f4xx_hal.o" --specs=nano.specs -mfpu=fpv4-sp-d16 -mfloat-abi=hard -mthumb -o "Drivers/STM32F4xx_HAL_Driver/stm32f4xx_hal.o"
arm-none-eabi-gcc "C:/Users/ASUS/STM32Cube/Repository/STM32Cube_FW_F4_V1.28.3/Drivers/STM32F4xx_HAL_Driver/Src/stm32f4xx_hal_cortex.c" -mcpu=cortex-m4 -std=gnu11 -g3 -DDEBUG -DUSE_HAL_DRIVER -DSTM32F407xx -c -I../Core/Inc -IC:/Users/ASUS/STM32Cube/Repository/STM32Cube_FW_F4_V1.28.3/Drivers/STM32F4xx_HAL_Driver/Inc -IC:/Users/ASUS/STM32Cube/Repository/STM32Cube_FW_F4_V1.28.3/Drivers/STM32F4xx_HAL_Driver/Inc/Legacy -IC:/Users/ASUS/STM32Cube/Repository/STM32Cube_FW_F4_V1.28.3/Drivers/CMSIS/Device/ST/STM32F4xx/Include -IC:/Users/ASUS/STM32Cube/Repository/STM32Cube_FW_F4_V1.28.3/Drivers/CMSIS/Include -O0 -ffunction-sections -fdata-sections -Wall -fstack-usage -fcyclomatic-complexity -MMD -MP -MF"Drivers/STM32F4xx_HAL_Driver/stm32f4xx_hal_cortex.d" -MT"Drivers/STM32F4xx_HAL_Driver/stm32f4xx_hal_cortex.o" --specs=nano.specs -mfpu=fpv4-sp-d16 -mfloat-abi=hard -mthumb -o "Drivers/STM32F4xx_HAL_Driver/stm32f4xx_hal_cortex.o"
arm-none-eabi-gcc "C:/Users/ASUS/STM32Cube/Repository/STM32Cube_FW_F4_V1.28.3/Drivers/STM32F4xx_HAL_Driver/Src/stm32f4xx_hal_dma.c" -mcpu=cortex-m4 -std=gnu11 -g3 -DDEBUG -DUSE_HAL_DRIVER -DSTM32F407xx -c -I../Core/Inc -IC:/Users/ASUS/STM32Cube/Repository/STM32Cube_FW_F4_V1.28.3/Drivers/STM32F4xx_HAL_Driver/Inc -IC:/Users/ASUS/STM32Cube/Repository/STM32Cube_FW_F4_V1.28.3/Drivers/STM32F4xx_HAL_Driver/Inc/Legacy -IC:/Users/ASUS/STM32Cube/Repository/STM32Cube_FW_F4_V1.28.3/Drivers/CMSIS/Device/ST/STM32F4xx/Include -IC:/Users/ASUS/STM32Cube/Repository/STM32Cube_FW_F4_V1.28.3/Drivers/CMSIS/Include -O0 -ffunction-sections -fdata-sections -Wall -fstack-usage -fcyclomatic-complexity -MMD -MP -MF"Drivers/STM32F4xx_HAL_Driver/stm32f4xx_hal_dma.d" -MT"Drivers/STM32F4xx_HAL_Driver/stm32f4xx_hal_dma.o" --specs=nano.specs -mfpu=fpv4-sp-d16 -mfloat-abi=hard -mthumb -o "Drivers/STM32F4xx_HAL_Driver/stm32f4xx_hal_dma.o"
arm-none-eabi-gcc "C:/Users/ASUS/STM32Cube/Repository/STM32Cube_FW_F4_V1.28.3/Drivers/STM32F4xx_HAL_Driver/Src/stm32f4xx_hal_dma_ex.c" -mcpu=cortex-m4 -std=gnu11 -g3 -DDEBUG -DUSE_HAL_DRIVER -DSTM32F407xx -c -I../Core/Inc -IC:/Users/ASUS/STM32Cube/Repository/STM32Cube_FW_F4_V1.28.3/Drivers/STM32F4xx_HAL_Driver/Inc -IC:/Users/ASUS/STM32Cube/Repository/STM32Cube_FW_F4_V1.28.3/Drivers/STM32F4xx_HAL_Driver/Inc/Legacy -IC:/Users/ASUS/STM32Cube/Repository/STM32Cube_FW_F4_V1.28.3/Drivers/CMSIS/Device/ST/STM32F4xx/Include -IC:/Users/ASUS/STM32Cube/Repository/STM32Cube_FW_F4_V1.28.3/Drivers/CMSIS/Include -O0 -ffunction-sections -fdata-sections -Wall -fstack-usage -fcyclomatic-complexity -MMD -MP -MF"Drivers/STM32F4xx_HAL_Driver/stm32f4xx_hal_dma_ex.d" -MT"Drivers/STM32F4xx_HAL_Driver/stm32f4xx_hal_dma_ex.o" --specs=nano.specs -mfpu=fpv4-sp-d16 -mfloat-abi=hard -mthumb -o "Drivers/STM32F4xx_HAL_Driver/stm32f4xx_hal_dma_ex.o"
arm-none-eabi-gcc "C:/Users/ASUS/STM32Cube/Repository/STM32Cube_FW_F4_V1.28.3/Drivers/STM32F4xx_HAL_Driver/Src/stm32f4xx_hal_exti.c" -mcpu=cortex-m4 -std=gnu11 -g3 -DDEBUG -DUSE_HAL_DRIVER -DSTM32F407xx -c -I../Core/Inc -IC:/Users/ASUS/STM32Cube/Repository/STM32Cube_FW_F4_V1.28.3/Drivers/STM32F4xx_HAL_Driver/Inc -IC:/Users/ASUS/STM32Cube/Repository/STM32Cube_FW_F4_V1.28.3/Drivers/STM32F4xx_HAL_Driver/Inc/Legacy -IC:/Users/ASUS/STM32Cube/Repository/STM32Cube_FW_F4_V1.28.3/Drivers/CMSIS/Device/ST/STM32F4xx/Include -IC:/Users/ASUS/STM32Cube/Repository/STM32Cube_FW_F4_V1.28.3/Drivers/CMSIS/Include -O0 -ffunction-sections -fdata-sections -Wall -fstack-usage -fcyclomatic-complexity -MMD -MP -MF"Drivers/STM32F4xx_HAL_Driver/stm32f4xx_hal_exti.d" -MT"Drivers/STM32F4xx_HAL_Driver/stm32f4xx_hal_exti.o" --specs=nano.specs -mfpu=fpv4-sp-d16 -mfloat-abi=hard -mthumb -o "Drivers/STM32F4xx_HAL_Driver/stm32f4xx_hal_exti.o"
arm-none-eabi-gcc "C:/Users/ASUS/STM32Cube/Repository/STM32Cube_FW_F4_V1.28.3/Drivers/STM32F4xx_HAL_Driver/Src/stm32f4xx_hal_flash.c" -mcpu=cortex-m4 -std=gnu11 -g3 -DDEBUG -DUSE_HAL_DRIVER -DSTM32F407xx -c -I../Core/Inc -IC:/Users/ASUS/STM32Cube/Repository/STM32Cube_FW_F4_V1.28.3/Drivers/STM32F4xx_HAL_Driver/Inc -IC:/Users/ASUS/STM32Cube/Repository/STM32Cube_FW_F4_V1.28.3/Drivers/STM32F4xx_HAL_Driver/Inc/Legacy -IC:/Users/ASUS/STM32Cube/Repository/STM32Cube_FW_F4_V1.28.3/Drivers/CMSIS/Device/ST/STM32F4xx/Include -IC:/Users/ASUS/STM32Cube/Repository/STM32Cube_FW_F4_V1.28.3/Drivers/CMSIS/Include -O0 -ffunction-sections -fdata-sections -Wall -fstack-usage -fcyclomatic-complexity -MMD -MP -MF"Drivers/STM32F4xx_HAL_Driver/stm32f4xx_hal_flash.d" -MT"Drivers/STM32F4xx_HAL_Driver/stm32f4xx_hal_flash.o" --specs=nano.specs -mfpu=fpv4-sp-d16 -mfloat-abi=hard -mthumb -o "Drivers/STM32F4xx_HAL_Driver/stm32f4xx_hal_flash.o"
arm-none-eabi-gcc "C:/Users/ASUS/STM32Cube/Repository/STM32Cube_FW_F4_V1.28.3/Drivers/STM32F4xx_HAL_Driver/Src/stm32f4xx_hal_flash_ex.c" -mcpu=cortex-m4 -std=gnu11 -g3 -DDEBUG -DUSE_HAL_DRIVER -DSTM32F407xx -c -I../Core/Inc -IC:/Users/ASUS/STM32Cube/Repository/STM32Cube_FW_F4_V1.28.3/Drivers/STM32F4xx_HAL_Driver/Inc -IC:/Users/ASUS/STM32Cube/Repository/STM32Cube_FW_F4_V1.28.3/Drivers/STM32F4xx_HAL_Driver/Inc/Legacy -IC:/Users/ASUS/STM32Cube/Repository/STM32Cube_FW_F4_V1.28.3/Drivers/CMSIS/Device/ST/STM32F4xx/Include -IC:/Users/ASUS/STM32Cube/Repository/STM32Cube_FW_F4_V1.28.3/Drivers/CMSIS/Include -O0 -ffunction-sections -fdata-sections -Wall -fstack-usage -fcyclomatic-complexity -MMD -MP -MF"Drivers/STM32F4xx_HAL_Driver/stm32f4xx_hal_flash_ex.d" -MT"Drivers/STM32F4xx_HAL_Driver/stm32f4xx_hal_flash_ex.o" --specs=nano.specs -mfpu=fpv4-sp-d16 -mfloat-abi=hard -mthumb -o "Drivers/STM32F4xx_HAL_Driver/stm32f4xx_hal_flash_ex.o"
arm-none-eabi-gcc "C:/Users/ASUS/STM32Cube/Repository/STM32Cube_FW_F4_V1.28.3/Drivers/STM32F4xx_HAL_Driver/Src/stm32f4xx_hal_flash_ramfunc.c" -mcpu=cortex-m4 -std=gnu11 -g3 -DDEBUG -DUSE_HAL_DRIVER -DSTM32F407xx -c -I../Core/Inc -IC:/Users/ASUS/STM32Cube/Repository/STM32Cube_FW_F4_V1.28.3/Drivers/STM32F4xx_HAL_Driver/Inc -IC:/Users/ASUS/STM32Cube/Repository/STM32Cube_FW_F4_V1.28.3/Drivers/STM32F4xx_HAL_Driver/Inc/Legacy -IC:/Users/ASUS/STM32Cube/Repository/STM32Cube_FW_F4_V1.28.3/Drivers/CMSIS/Device/ST/STM32F4xx/Include -IC:/Users/ASUS/STM32Cube/Repository/STM32Cube_FW_F4_V1.28.3/Drivers/CMSIS/Include -O0 -ffunction-sections -fdata-sections -Wall -fstack-usage -fcyclomatic-complexity -MMD -MP -MF"Drivers/STM32F4xx_HAL_Driver/stm32f4xx_hal_flash_ramfunc.d" -MT"Drivers/STM32F4xx_HAL_Driver/stm32f4xx_hal_flash_ramfunc.o" --specs=nano.specs -mfpu=fpv4-sp-d16 -mfloat-abi=hard -mthumb -o "Drivers/STM32F4xx_HAL_Driver/stm32f4xx_hal_flash_ramfunc.o"
arm-none-eabi-gcc "C:/Users/ASUS/STM32Cube/Repository/STM32Cube_FW_F4_V1.28.3/Drivers/STM32F4xx_HAL_Driver/Src/stm32f4xx_hal_gpio.c" -mcpu=cortex-m4 -std=gnu11 -g3 -DDEBUG -DUSE_HAL_DRIVER -DSTM32F407xx -c -I../Core/Inc -IC:/Users/ASUS/STM32Cube/Repository/STM32Cube_FW_F4_V1.28.3/Drivers/STM32F4xx_HAL_Driver/Inc -IC:/Users/ASUS/STM32Cube/Repository/STM32Cube_FW_F4_V1.28.3/Drivers/STM32F4xx_HAL_Driver/Inc/Legacy -IC:/Users/ASUS/STM32Cube/Repository/STM32Cube_FW_F4_V1.28.3/Drivers/CMSIS/Device/ST/STM32F4xx/Include -IC:/Users/ASUS/STM32Cube/Repository/STM32Cube_FW_F4_V1.28.3/Drivers/CMSIS/Include -O0 -ffunction-sections -fdata-sections -Wall -fstack-usage -fcyclomatic-complexity -MMD -MP -MF"Drivers/STM32F4xx_HAL_Driver/stm32f4xx_hal_gpio.d" -MT"Drivers/STM32F4xx_HAL_Driver/stm32f4xx_hal_gpio.o" --specs=nano.specs -mfpu=fpv4-sp-d16 -mfloat-abi=hard -mthumb -o "Drivers/STM32F4xx_HAL_Driver/stm32f4xx_hal_gpio.o"
arm-none-eabi-gcc "C:/Users/ASUS/STM32Cube/Repository/STM32Cube_FW_F4_V1.28.3/Drivers/STM32F4xx_HAL_Driver/Src/stm32f4xx_hal_i2c.c" -mcpu=cortex-m4 -std=gnu11 -g3 -DDEBUG -DUSE_HAL_DRIVER -DSTM32F407xx -c -I../Core/Inc -IC:/Users/ASUS/STM32Cube/Repository/STM32Cube_FW_F4_V1.28.3/Drivers/STM32F4xx_HAL_Driver/Inc -IC:/Users/ASUS/STM32Cube/Repository/STM32Cube_FW_F4_V1.28.3/Drivers/STM32F4xx_HAL_Driver/Inc/Legacy -IC:/Users/ASUS/STM32Cube/Repository/STM32Cube_FW_F4_V1.28.3/Drivers/CMSIS/Device/ST/STM32F4xx/Include -IC:/Users/ASUS/STM32Cube/Repository/STM32Cube_FW_F4_V1.28.3/Drivers/CMSIS/Include -O0 -ffunction-sections -fdata-sections -Wall -fstack-usage -fcyclomatic-complexity -MMD -MP -MF"Drivers/STM32F4xx_HAL_Driver/stm32f4xx_hal_i2c.d" -MT"Drivers/STM32F4xx_HAL_Driver/stm32f4xx_hal_i2c.o" --specs=nano.specs -mfpu=fpv4-sp-d16 -mfloat-abi=hard -mthumb -o "Drivers/STM32F4xx_HAL_Driver/stm32f4xx_hal_i2c.o"
arm-none-eabi-gcc "C:/Users/ASUS/STM32Cube/Repository/STM32Cube_FW_F4_V1.28.3/Drivers/STM32F4xx_HAL_Driver/Src/stm32f4xx_hal_i2c_ex.c" -mcpu=cortex-m4 -std=gnu11 -g3 -DDEBUG -DUSE_HAL_DRIVER -DSTM32F407xx -c -I../Core/Inc -IC:/Users/ASUS/STM32Cube/Repository/STM32Cube_FW_F4_V1.28.3/Drivers/STM32F4xx_HAL_Driver/Inc -IC:/Users/ASUS/STM32Cube/Repository/STM32Cube_FW_F4_V1.28.3/Drivers/STM32F4xx_HAL_Driver/Inc/Legacy -IC:/Users/ASUS/STM32Cube/Repository/STM32Cube_FW_F4_V1.28.3/Drivers/CMSIS/Device/ST/STM32F4xx/Include -IC:/Users/ASUS/STM32Cube/Repository/STM32Cube_FW_F4_V1.28.3/Drivers/CMSIS/Include -O0 -ffunction-sections -fdata-sections -Wall -fstack-usage -fcyclomatic-complexity -MMD -MP -MF"Drivers/STM32F4xx_HAL_Driver/stm32f4xx_hal_i2c_ex.d" -MT"Drivers/STM32F4xx_HAL_Driver/stm32f4xx_hal_i2c_ex.o" --specs=nano.specs -mfpu=fpv4-sp-d16 -mfloat-abi=hard -mthumb -o "Drivers/STM32F4xx_HAL_Driver/stm32f4xx_hal_i2c_ex.o"
arm-none-eabi-gcc "C:/Users/ASUS/STM32Cube/Repository/STM32Cube_FW_F4_V1.28.3/Drivers/STM32F4xx_HAL_Driver/Src/stm32f4xx_hal_pwr.c" -mcpu=cortex-m4 -std=gnu11 -g3 -DDEBUG -DUSE_HAL_DRIVER -DSTM32F407xx -c -I../Core/Inc -IC:/Users/ASUS/STM32Cube/Repository/STM32Cube_FW_F4_V1.28.3/Drivers/STM32F4xx_HAL_Driver/Inc -IC:/Users/ASUS/STM32Cube/Repository/STM32Cube_FW_F4_V1.28.3/Drivers/STM32F4xx_HAL_Driver/Inc/Legacy -IC:/Users/ASUS/STM32Cube/Repository/STM32Cube_FW_F4_V1.28.3/Drivers/CMSIS/Device/ST/STM32F4xx/Include -IC:/Users/ASUS/STM32Cube/Repository/STM32Cube_FW_F4_V1.28.3/Drivers/CMSIS/Include -O0 -ffunction-sections -fdata-sections -Wall -fstack-usage -fcyclomatic-complexity -MMD -MP -MF"Drivers/STM32F4xx_HAL_Driver/stm32f4xx_hal_pwr.d" -MT"Drivers/STM32F4xx_HAL_Driver/stm32f4xx_hal_pwr.o" --specs=nano.specs -mfpu=fpv4-sp-d16 -mfloat-abi=hard -mthumb -o "Drivers/STM32F4xx_HAL_Driver/stm32f4xx_hal_pwr.o"
arm-none-eabi-gcc "C:/Users/ASUS/STM32Cube/Repository/STM32Cube_FW_F4_V1.28.3/Drivers/STM32F4xx_HAL_Driver/Src/stm32f4xx_hal_pwr_ex.c" -mcpu=cortex-m4 -std=gnu11 -g3 -DDEBUG -DUSE_HAL_DRIVER -DSTM32F407xx -c -I../Core/Inc -IC:/Users/ASUS/STM32Cube/Repository/STM32Cube_FW_F4_V1.28.3/Drivers/STM32F4xx_HAL_Driver/Inc -IC:/Users/ASUS/STM32Cube/Repository/STM32Cube_FW_F4_V1.28.3/Drivers/STM32F4xx_HAL_Driver/Inc/Legacy -IC:/Users/ASUS/STM32Cube/Repository/STM32Cube_FW_F4_V1.28.3/Drivers/CMSIS/Device/ST/STM32F4xx/Include -IC:/Users/ASUS/STM32Cube/Repository/STM32Cube_FW_F4_V1.28.3/Drivers/CMSIS/Include -O0 -ffunction-sections -fdata-sections -Wall -fstack-usage -fcyclomatic-complexity -MMD -MP -MF"Drivers/STM32F4xx_HAL_Driver/stm32f4xx_hal_pwr_ex.d" -MT"Drivers/STM32F4xx_HAL_Driver/stm32f4xx_hal_pwr_ex.o" --specs=nano.specs -mfpu=fpv4-sp-d16 -mfloat-abi=hard -mthumb -o "Drivers/STM32F4xx_HAL_Driver/stm32f4xx_hal_pwr_ex.o"
arm-none-eabi-gcc "C:/Users/ASUS/STM32Cube/Repository/STM32Cube_FW_F4_V1.28.3/Drivers/STM32F4xx_HAL_Driver/Src/stm32f4xx_hal_rcc.c" -mcpu=cortex-m4 -std=gnu11 -g3 -DDEBUG -DUSE_HAL_DRIVER -DSTM32F407xx -c -I../Core/Inc -IC:/Users/ASUS/STM32Cube/Repository/STM32Cube_FW_F4_V1.28.3/Drivers/STM32F4xx_HAL_Driver/Inc -IC:/Users/ASUS/STM32Cube/Repository/STM32Cube_FW_F4_V1.28.3/Drivers/STM32F4xx_HAL_Driver/Inc/Legacy -IC:/Users/ASUS/STM32Cube/Repository/STM32Cube_FW_F4_V1.28.3/Drivers/CMSIS/Device/ST/STM32F4xx/Include -IC:/Users/ASUS/STM32Cube/Repository/STM32Cube_FW_F4_V1.28.3/Drivers/CMSIS/Include -O0 -ffunction-sections -fdata-sections -Wall -fstack-usage -fcyclomatic-complexity -MMD -MP -MF"Drivers/STM32F4xx_HAL_Driver/stm32f4xx_hal_rcc.d" -MT"Drivers/STM32F4xx_HAL_Driver/stm32f4xx_hal_rcc.o" --specs=nano.specs -mfpu=fpv4-sp-d16 -mfloat-abi=hard -mthumb -o "Drivers/STM32F4xx_HAL_Driver/stm32f4xx_hal_rcc.o"
arm-none-eabi-gcc "C:/Users/ASUS/STM32Cube/Repository/STM32Cube_FW_F4_V1.28.3/Drivers/STM32F4xx_HAL_Driver/Src/stm32f4xx_hal_rcc_ex.c" -mcpu=cortex-m4 -std=gnu11 -g3 -DDEBUG -DUSE_HAL_DRIVER -DSTM32F407xx -c -I../Core/Inc -IC:/Users/ASUS/STM32Cube/Repository/STM32Cube_FW_F4_V1.28.3/Drivers/STM32F4xx_HAL_Driver/Inc -IC:/Users/ASUS/STM32Cube/Repository/STM32Cube_FW_F4_V1.28.3/Drivers/STM32F4xx_HAL_Driver/Inc/Legacy -IC:/Users/ASUS/STM32Cube/Repository/STM32Cube_FW_F4_V1.28.3/Drivers/CMSIS/Device/ST/STM32F4xx/Include -IC:/Users/ASUS/STM32Cube/Repository/STM32Cube_FW_F4_V1.28.3/Drivers/CMSIS/Include -O0 -ffunction-sections -fdata-sections -Wall -fstack-usage -fcyclomatic-complexity -MMD -MP -MF"Drivers/STM32F4xx_HAL_Driver/stm32f4xx_hal_rcc_ex.d" -MT"Drivers/STM32F4xx_HAL_Driver/stm32f4xx_hal_rcc_ex.o" --specs=nano.specs -mfpu=fpv4-sp-d16 -mfloat-abi=hard -mthumb -o "Drivers/STM32F4xx_HAL_Driver/stm32f4xx_hal_rcc_ex.o"
arm-none-eabi-gcc "C:/Users/ASUS/STM32Cube/Repository/STM32Cube_FW_F4_V1.28.3/Drivers/STM32F4xx_HAL_Driver/Src/stm32f4xx_hal_spi.c" -mcpu=cortex-m4 -std=gnu11 -g3 -DDEBUG -DUSE_HAL_DRIVER -DSTM32F407xx -c -I../Core/Inc -IC:/Users/ASUS/STM32Cube/Repository/STM32Cube_FW_F4_V1.28.3/Drivers/STM32F4xx_HAL_Driver/Inc -IC:/Users/ASUS/STM32Cube/Repository/STM32Cube_FW_F4_V1.28.3/Drivers/STM32F4xx_HAL_Driver/Inc/Legacy -IC:/Users/ASUS/STM32Cube/Repository/STM32Cube_FW_F4_V1.28.3/Drivers/CMSIS/Device/ST/STM32F4xx/Include -IC:/Users/ASUS/STM32Cube/Repository/STM32Cube_FW_F4_V1.28.3/Drivers/CMSIS/Include -O0 -ffunction-sections -fdata-sections -Wall -fstack-usage -fcyclomatic-complexity -MMD -MP -MF"Drivers/STM32F4xx_HAL_Driver/stm32f4xx_hal_spi.d" -MT"Drivers/STM32F4xx_HAL_Driver/stm32f4xx_hal_spi.o" --specs=nano.specs -mfpu=fpv4-sp-d16 -mfloat-abi=hard -mthumb -o "Drivers/STM32F4xx_HAL_Driver/stm32f4xx_hal_spi.o"
arm-none-eabi-gcc "C:/Users/ASUS/STM32Cube/Repository/STM32Cube_FW_F4_V1.28.3/Drivers/STM32F4xx_HAL_Driver/Src/stm32f4xx_hal_tim.c" -mcpu=cortex-m4 -std=gnu11 -g3 -DDEBUG -DUSE_HAL_DRIVER -DSTM32F407xx -c -I../Core/Inc -IC:/Users/ASUS/STM32Cube/Repository/STM32Cube_FW_F4_V1.28.3/Drivers/STM32F4xx_HAL_Driver/Inc -IC:/Users/ASUS/STM32Cube/Repository/STM32Cube_FW_F4_V1.28.3/Drivers/STM32F4xx_HAL_Driver/Inc/Legacy -IC:/Users/ASUS/STM32Cube/Repository/STM32Cube_FW_F4_V1.28.3/Drivers/CMSIS/Device/ST/STM32F4xx/Include -IC:/Users/ASUS/STM32Cube/Repository/STM32Cube_FW_F4_V1.28.3/Drivers/CMSIS/Include -O0 -ffunction-sections -fdata-sections -Wall -fstack-usage -fcyclomatic-complexity -MMD -MP -MF"Drivers/STM32F4xx_HAL_Driver/stm32f4xx_hal_tim.d" -MT"Drivers/STM32F4xx_HAL_Driver/stm32f4xx_hal_tim.o" --specs=nano.specs -mfpu=fpv4-sp-d16 -mfloat-abi=hard -mthumb -o "Drivers/STM32F4xx_HAL_Driver/stm32f4xx_hal_tim.o"
arm-none-eabi-gcc "C:/Users/ASUS/STM32Cube/Repository/STM32Cube_FW_F4_V1.28.3/Drivers/STM32F4xx_HAL_Driver/Src/stm32f4xx_hal_tim_ex.c" -mcpu=cortex-m4 -std=gnu11 -g3 -DDEBUG -DUSE_HAL_DRIVER -DSTM32F407xx -c -I../Core/Inc -IC:/Users/ASUS/STM32Cube/Repository/STM32Cube_FW_F4_V1.28.3/Drivers/STM32F4xx_HAL_Driver/Inc -IC:/Users/ASUS/STM32Cube/Repository/STM32Cube_FW_F4_V1.28.3/Drivers/STM32F4xx_HAL_Driver/Inc/Legacy -IC:/Users/ASUS/STM32Cube/Repository/STM32Cube_FW_F4_V1.28.3/Drivers/CMSIS/Device/ST/STM32F4xx/Include -IC:/Users/ASUS/STM32Cube/Repository/STM32Cube_FW_F4_V1.28.3/Drivers/CMSIS/Include -O0 -ffunction-sections -fdata-sections -Wall -fstack-usage -fcyclomatic-complexity -MMD -MP -MF"Drivers/STM32F4xx_HAL_Driver/stm32f4xx_hal_tim_ex.d" -MT"Drivers/STM32F4xx_HAL_Driver/stm32f4xx_hal_tim_ex.o" --specs=nano.specs -mfpu=fpv4-sp-d16 -mfloat-abi=hard -mthumb -o "Drivers/STM32F4xx_HAL_Driver/stm32f4xx_hal_tim_ex.o"
arm-none-eabi-gcc -mcpu=cortex-m4 -g3 -DDEBUG -c -x assembler-with-cpp -MMD -MP -MF"Core/Startup/startup_stm32f407vetx.d" -MT"Core/Startup/startup_stm32f407vetx.o" --specs=nano.specs -mfpu=fpv4-sp-d16 -mfloat-abi=hard -mthumb -o "Core/Startup/startup_stm32f407vetx.o" "../Core/Startup/startup_stm32f407vetx.s"
arm-none-eabi-gcc "../Core/Src/RC522.c" -mcpu=cortex-m4 -std=gnu11 -g3 -DDEBUG -DUSE_HAL_DRIVER -DSTM32F407xx -c -I../Core/Inc -IC:/Users/ASUS/STM32Cube/Repository/STM32Cube_FW_F4_V1.28.3/Drivers/STM32F4xx_HAL_Driver/Inc -IC:/Users/ASUS/STM32Cube/Repository/STM32Cube_FW_F4_V1.28.3/Drivers/STM32F4xx_HAL_Driver/Inc/Legacy -IC:/Users/ASUS/STM32Cube/Repository/STM32Cube_FW_F4_V1.28.3/Drivers/CMSIS/Device/ST/STM32F4xx/Include -IC:/Users/ASUS/STM32Cube/Repository/STM32Cube_FW_F4_V1.28.3/Drivers/CMSIS/Include -O0 -ffunction-sections -fdata-sections -Wall -fstack-usage -fcyclomatic-complexity -MMD -MP -MF"Core/Src/RC522.d" -MT"Core/Src/RC522.o" --specs=nano.specs -mfpu=fpv4-sp-d16 -mfloat-abi=hard -mthumb -o "Core/Src/RC522.o"
arm-none-eabi-gcc "../Core/Src/keypad.c" -mcpu=cortex-m4 -std=gnu11 -g3 -DDEBUG -DUSE_HAL_DRIVER -DSTM32F407xx -c -I../Core/Inc -IC:/Users/ASUS/STM32Cube/Repository/STM32Cube_FW_F4_V1.28.3/Drivers/STM32F4xx_HAL_Driver/Inc -IC:/Users/ASUS/STM32Cube/Repository/STM32Cube_FW_F4_V1.28.3/Drivers/STM32F4xx_HAL_Driver/Inc/Legacy -IC:/Users/ASUS/STM32Cube/Repository/STM32Cube_FW_F4_V1.28.3/Drivers/CMSIS/Device/ST/STM32F4xx/Include -IC:/Users/ASUS/STM32Cube/Repository/STM32Cube_FW_F4_V1.28.3/Drivers/CMSIS/Include -O0 -ffunction-sections -fdata-sections -Wall -fstack-usage -fcyclomatic-complexity -MMD -MP -MF"Core/Src/keypad.d" -MT"Core/Src/keypad.o" --specs=nano.specs -mfpu=fpv4-sp-d16 -mfloat-abi=hard -mthumb -o "Core/Src/keypad.o"
arm-none-eabi-gcc "../Core/Src/liquidcrystal_i2c.c" -mcpu=cortex-m4 -std=gnu11 -g3 -DDEBUG -DUSE_HAL_DRIVER -DSTM32F407xx -c -I../Core/Inc -IC:/Users/ASUS/STM32Cube/Repository/STM32Cube_FW_F4_V1.28.3/Drivers/STM32F4xx_HAL_Driver/Inc -IC:/Users/ASUS/STM32Cube/Repository/STM32Cube_FW_F4_V1.28.3/Drivers/STM32F4xx_HAL_Driver/Inc/Legacy -IC:/Users/ASUS/STM32Cube/Repository/STM32Cube_FW_F4_V1.28.3/Drivers/CMSIS/Device/ST/STM32F4xx/Include -IC:/Users/ASUS/STM32Cube/Repository/STM32Cube_FW_F4_V1.28.3/Drivers/CMSIS/Include -O0 -ffunction-sections -fdata-sections -Wall -fstack-usage -fcyclomatic-complexity -MMD -MP -MF"Core/Src/liquidcrystal_i2c.d" -MT"Core/Src/liquidcrystal_i2c.o" --specs=nano.specs -mfpu=fpv4-sp-d16 -mfloat-abi=hard -mthumb -o "Core/Src/liquidcrystal_i2c.o"
arm-none-eabi-gcc "../Core/Src/main.c" -mcpu=cortex-m4 -std=gnu11 -g3 -DDEBUG -DUSE_HAL_DRIVER -DSTM32F407xx -c -I../Core/Inc -IC:/Users/ASUS/STM32Cube/Repository/STM32Cube_FW_F4_V1.28.3/Drivers/STM32F4xx_HAL_Driver/Inc -IC:/Users/ASUS/STM32Cube/Repository/STM32Cube_FW_F4_V1.28.3/Drivers/STM32F4xx_HAL_Driver/Inc/Legacy -IC:/Users/ASUS/STM32Cube/Repository/STM32Cube_FW_F4_V1.28.3/Drivers/CMSIS/Device/ST/STM32F4xx/Include -IC:/Users/ASUS/STM32Cube/Repository/STM32Cube_FW_F4_V1.28.3/Drivers/CMSIS/Include -O0 -ffunction-sections -fdata-sections -Wall -fstack-usage -fcyclomatic-complexity -MMD -MP -MF"Core/Src/main.d" -MT"Core/Src/main.o" --specs=nano.specs -mfpu=fpv4-sp-d16 -mfloat-abi=hard -mthumb -o "Core/Src/main.o"
arm-none-eabi-gcc "../Core/Src/stm32f4xx_hal_msp.c" -mcpu=cortex-m4 -std=gnu11 -g3 -DDEBUG -DUSE_HAL_DRIVER -DSTM32F407xx -c -I../Core/Inc -IC:/Users/ASUS/STM32Cube/Repository/STM32Cube_FW_F4_V1.28.3/Drivers/STM32F4xx_HAL_Driver/Inc -IC:/Users/ASUS/STM32Cube/Repository/STM32Cube_FW_F4_V1.28.3/Drivers/STM32F4xx_HAL_Driver/Inc/Legacy -IC:/Users/ASUS/STM32Cube/Repository/STM32Cube_FW_F4_V1.28.3/Drivers/CMSIS/Device/ST/STM32F4xx/Include -IC:/Users/ASUS/STM32Cube/Repository/STM32Cube_FW_F4_V1.28.3/Drivers/CMSIS/Include -O0 -ffunction-sections -fdata-sections -Wall -fstack-usage -fcyclomatic-complexity -MMD -MP -MF"Core/Src/stm32f4xx_hal_msp.d" -MT"Core/Src/stm32f4xx_hal_msp.o" --specs=nano.specs -mfpu=fpv4-sp-d16 -mfloat-abi=hard -mthumb -o "Core/Src/stm32f4xx_hal_msp.o"
arm-none-eabi-gcc "../Core/Src/stm32f4xx_it.c" -mcpu=cortex-m4 -std=gnu11 -g3 -DDEBUG -DUSE_HAL_DRIVER -DSTM32F407xx -c -I../Core/Inc -IC:/Users/ASUS/STM32Cube/Repository/STM32Cube_FW_F4_V1.28.3/Drivers/STM32F4xx_HAL_Driver/Inc -IC:/Users/ASUS/STM32Cube/Repository/STM32Cube_FW_F4_V1.28.3/Drivers/STM32F4xx_HAL_Driver/Inc/Legacy -IC:/Users/ASUS/STM32Cube/Repository/STM32Cube_FW_F4_V1.28.3/Drivers/CMSIS/Device/ST/STM32F4xx/Include -IC:/Users/ASUS/STM32Cube/Repository/STM32Cube_FW_F4_V1.28.3/Drivers/CMSIS/Include -O0 -ffunction-sections -fdata-sections -Wall -fstack-usage -fcyclomatic-complexity -MMD -MP -MF"Core/Src/stm32f4xx_it.d" -MT"Core/Src/stm32f4xx_it.o" --specs=nano.specs -mfpu=fpv4-sp-d16 -mfloat-abi=hard -mthumb -o "Core/Src/stm32f4xx_it.o"
arm-none-eabi-gcc "../Core/Src/syscalls.c" -mcpu=cortex-m4 -std=gnu11 -g3 -DDEBUG -DUSE_HAL_DRIVER -DSTM32F407xx -c -I../Core/Inc -IC:/Users/ASUS/STM32Cube/Repository/STM32Cube_FW_F4_V1.28.3/Drivers/STM32F4xx_HAL_Driver/Inc -IC:/Users/ASUS/STM32Cube/Repository/STM32Cube_FW_F4_V1.28.3/Drivers/STM32F4xx_HAL_Driver/Inc/Legacy -IC:/Users/ASUS/STM32Cube/Repository/STM32Cube_FW_F4_V1.28.3/Drivers/CMSIS/Device/ST/STM32F4xx/Include -IC:/Users/ASUS/STM32Cube/Repository/STM32Cube_FW_F4_V1.28.3/Drivers/CMSIS/Include -O0 -ffunction-sections -fdata-sections -Wall -fstack-usage -fcyclomatic-complexity -MMD -MP -MF"Core/Src/syscalls.d" -MT"Core/Src/syscalls.o" --specs=nano.specs -mfpu=fpv4-sp-d16 -mfloat-abi=hard -mthumb -o "Core/Src/syscalls.o"
../Core/Src/liquidcrystal_i2c.c:3:8: error: unknown type name 'I2C_HandleTypeDef'
    3 | extern I2C_HandleTypeDef hi2c1;
      |        ^~~~~~~~~~~~~~~~~
arm-none-eabi-gcc "../Core/Src/sysmem.c" -mcpu=cortex-m4 -std=gnu11 -g3 -DDEBUG -DUSE_HAL_DRIVER -DSTM32F407xx -c -I../Core/Inc -IC:/Users/ASUS/STM32Cube/Repository/STM32Cube_FW_F4_V1.28.3/Drivers/STM32F4xx_HAL_Driver/Inc -IC:/Users/ASUS/STM32Cube/Repository/STM32Cube_FW_F4_V1.28.3/Drivers/STM32F4xx_HAL_Driver/Inc/Legacy -IC:/Users/ASUS/STM32Cube/Repository/STM32Cube_FW_F4_V1.28.3/Drivers/CMSIS/Device/ST/STM32F4xx/Include -IC:/Users/ASUS/STM32Cube/Repository/STM32Cube_FW_F4_V1.28.3/Drivers/CMSIS/Include -O0 -ffunction-sections -fdata-sections -Wall -fstack-usage -fcyclomatic-complexity -MMD -MP -MF"Core/Src/sysmem.d" -MT"Core/Src/sysmem.o" --specs=nano.specs -mfpu=fpv4-sp-d16 -mfloat-abi=hard -mthumb -o "Core/Src/sysmem.o"
../Core/Src/liquidcrystal_i2c.c: In function 'ExpanderWrite':
../Core/Src/liquidcrystal_i2c.c:259:3: warning: implicit declaration of function 'HAL_I2C_Master_Transmit' [-Wimplicit-function-declaration]
  259 |   HAL_I2C_Master_Transmit(&hi2c1, DEVICE_ADDR, (uint8_t*)&data, 1, 10);
      |   ^~~~~~~~~~~~~~~~~~~~~~~
arm-none-eabi-gcc "../Core/Src/system_stm32f4xx.c" -mcpu=cortex-m4 -std=gnu11 -g3 -DDEBUG -DUSE_HAL_DRIVER -DSTM32F407xx -c -I../Core/Inc -IC:/Users/ASUS/STM32Cube/Repository/STM32Cube_FW_F4_V1.28.3/Drivers/STM32F4xx_HAL_Driver/Inc -IC:/Users/ASUS/STM32Cube/Repository/STM32Cube_FW_F4_V1.28.3/Drivers/STM32F4xx_HAL_Driver/Inc/Legacy -IC:/Users/ASUS/STM32Cube/Repository/STM32Cube_FW_F4_V1.28.3/Drivers/CMSIS/Device/ST/STM32F4xx/Include -IC:/Users/ASUS/STM32Cube/Repository/STM32Cube_FW_F4_V1.28.3/Drivers/CMSIS/Include -O0 -ffunction-sections -fdata-sections -Wall -fstack-usage -fcyclomatic-complexity -MMD -MP -MF"Core/Src/system_stm32f4xx.d" -MT"Core/Src/system_stm32f4xx.o" --specs=nano.specs -mfpu=fpv4-sp-d16 -mfloat-abi=hard -mthumb -o "Core/Src/system_stm32f4xx.o"
make: *** [Core/Src/subdir.mk:43: Core/Src/liquidcrystal_i2c.o] Error 1
make: *** Waiting for unfinished jobs....
"make -j12 all" terminated with exit code 2. Build might be incomplete.
13:43:57 **** Incremental Build of configuration Debug for project DoAnNe ****
make -j12 all 
arm-none-eabi-gcc "../Core/Src/liquidcrystal_i2c.c" -mcpu=cortex-m4 -std=gnu11 -g3 -DDEBUG -DUSE_HAL_DRIVER -DSTM32F407xx -c -I../Core/Inc -IC:/Users/ASUS/STM32Cube/Repository/STM32Cube_FW_F4_V1.28.3/Drivers/STM32F4xx_HAL_Driver/Inc -IC:/Users/ASUS/STM32Cube/Repository/STM32Cube_FW_F4_V1.28.3/Drivers/STM32F4xx_HAL_Driver/Inc/Legacy -IC:/Users/ASUS/STM32Cube/Repository/STM32Cube_FW_F4_V1.28.3/Drivers/CMSIS/Device/ST/STM32F4xx/Include -IC:/Users/ASUS/STM32Cube/Repository/STM32Cube_FW_F4_V1.28.3/Drivers/CMSIS/Include -O0 -ffunction-sections -fdata-sections -Wall -fstack-usage -fcyclomatic-complexity -MMD -MP -MF"Core/Src/liquidcrystal_i2c.d" -MT"Core/Src/liquidcrystal_i2c.o" --specs=nano.specs -mfpu=fpv4-sp-d16 -mfloat-abi=hard -mthumb -o "Core/Src/liquidcrystal_i2c.o"
../Core/Src/liquidcrystal_i2c.c: In function 'ExpanderWrite':
../Core/Src/liquidcrystal_i2c.c:259:3: warning: implicit declaration of function 'HAL_I2C_Master_Transmit' [-Wimplicit-function-declaration]
  259 |   HAL_I2C_Master_Transmit(&hi2c1, DEVICE_ADDR, (uint8_t*)&data, 1, 10);
      |   ^~~~~~~~~~~~~~~~~~~~~~~
../Core/Src/liquidcrystal_i2c.c:259:28: error: 'hi2c1' undeclared (first use in this function)
  259 |   HAL_I2C_Master_Transmit(&hi2c1, DEVICE_ADDR, (uint8_t*)&data, 1, 10);
      |                            ^~~~~
../Core/Src/liquidcrystal_i2c.c:259:28: note: each undeclared identifier is reported only once for each function it appears in
make: *** [Core/Src/subdir.mk:43: Core/Src/liquidcrystal_i2c.o] Error 1
"make -j12 all" terminated with exit code 2. Build might be incomplete.
13:44:28 **** Incremental Build of configuration Debug for project DoAnNe ****
make -j12 all 
arm-none-eabi-gcc "../Core/Src/liquidcrystal_i2c.c" -mcpu=cortex-m4 -std=gnu11 -g3 -DDEBUG -DUSE_HAL_DRIVER -DSTM32F407xx -c -I../Core/Inc -IC:/Users/ASUS/STM32Cube/Repository/STM32Cube_FW_F4_V1.28.3/Drivers/STM32F4xx_HAL_Driver/Inc -IC:/Users/ASUS/STM32Cube/Repository/STM32Cube_FW_F4_V1.28.3/Drivers/STM32F4xx_HAL_Driver/Inc/Legacy -IC:/Users/ASUS/STM32Cube/Repository/STM32Cube_FW_F4_V1.28.3/Drivers/CMSIS/Device/ST/STM32F4xx/Include -IC:/Users/ASUS/STM32Cube/Repository/STM32Cube_FW_F4_V1.28.3/Drivers/CMSIS/Include -O0 -ffunction-sections -fdata-sections -Wall -fstack-usage -fcyclomatic-complexity -MMD -MP -MF"Core/Src/liquidcrystal_i2c.d" -MT"Core/Src/liquidcrystal_i2c.o" --specs=nano.specs -mfpu=fpv4-sp-d16 -mfloat-abi=hard -mthumb -o "Core/Src/liquidcrystal_i2c.o"
../Core/Src/liquidcrystal_i2c.c: In function 'ExpanderWrite':
../Core/Src/liquidcrystal_i2c.c:260:3: warning: implicit declaration of function 'HAL_I2C_Master_Transmit' [-Wimplicit-function-declaration]
  260 |   HAL_I2C_Master_Transmit(&hi2c1, DEVICE_ADDR, (uint8_t*)&data, 1, 10);
      |   ^~~~~~~~~~~~~~~~~~~~~~~
../Core/Src/liquidcrystal_i2c.c:260:28: error: 'hi2c1' undeclared (first use in this function)
  260 |   HAL_I2C_Master_Transmit(&hi2c1, DEVICE_ADDR, (uint8_t*)&data, 1, 10);
      |                            ^~~~~
../Core/Src/liquidcrystal_i2c.c:260:28: note: each undeclared identifier is reported only once for each function it appears in
make: *** [Core/Src/subdir.mk:43: Core/Src/liquidcrystal_i2c.o] Error 1
"make -j12 all" terminated with exit code 2. Build might be incomplete.
13:50:03 **** Clean-only build of configuration Debug for project DoAnNe ****
make -j12 clean 
rm -rf ./Drivers/STM32F4xx_HAL_Driver/stm32f4xx_hal.cyclo ./Drivers/STM32F4xx_HAL_Driver/stm32f4xx_hal.d ./Drivers/STM32F4xx_HAL_Driver/stm32f4xx_hal.o ./Drivers/STM32F4xx_HAL_Driver/stm32f4xx_hal.su ./Drivers/STM32F4xx_HAL_Driver/stm32f4xx_hal_cortex.cyclo ./Drivers/STM32F4xx_HAL_Driver/stm32f4xx_hal_cortex.d ./Drivers/STM32F4xx_HAL_Driver/stm32f4xx_hal_cortex.o ./Drivers/STM32F4xx_HAL_Driver/stm32f4xx_hal_cortex.su ./Drivers/STM32F4xx_HAL_Driver/stm32f4xx_hal_dma.cyclo ./Drivers/STM32F4xx_HAL_Driver/stm32f4xx_hal_dma.d ./Drivers/STM32F4xx_HAL_Driver/stm32f4xx_hal_dma.o ./Drivers/STM32F4xx_HAL_Driver/stm32f4xx_hal_dma.su ./Drivers/STM32F4xx_HAL_Driver/stm32f4xx_hal_dma_ex.cyclo ./Drivers/STM32F4xx_HAL_Driver/stm32f4xx_hal_dma_ex.d ./Drivers/STM32F4xx_HAL_Driver/stm32f4xx_hal_dma_ex.o ./Drivers/STM32F4xx_HAL_Driver/stm32f4xx_hal_dma_ex.su ./Drivers/STM32F4xx_HAL_Driver/stm32f4xx_hal_exti.cyclo ./Drivers/STM32F4xx_HAL_Driver/stm32f4xx_hal_exti.d ./Drivers/STM32F4xx_HAL_Driver/stm32f4xx_hal_exti.o ./Drivers/STM32F4xx_HAL_Driver/stm32f4xx_hal_exti.su ./Drivers/STM32F4xx_HAL_Driver/stm32f4xx_hal_flash.cyclo ./Drivers/STM32F4xx_HAL_Driver/stm32f4xx_hal_flash.d ./Drivers/STM32F4xx_HAL_Driver/stm32f4xx_hal_flash.o ./Drivers/STM32F4xx_HAL_Driver/stm32f4xx_hal_flash.su ./Drivers/STM32F4xx_HAL_Driver/stm32f4xx_hal_flash_ex.cyclo ./Drivers/STM32F4xx_HAL_Driver/stm32f4xx_hal_flash_ex.d ./Drivers/STM32F4xx_HAL_Driver/stm32f4xx_hal_flash_ex.o ./Drivers/STM32F4xx_HAL_Driver/stm32f4xx_hal_flash_ex.su ./Drivers/STM32F4xx_HAL_Driver/stm32f4xx_hal_flash_ramfunc.cyclo ./Drivers/STM32F4xx_HAL_Driver/stm32f4xx_hal_flash_ramfunc.d ./Drivers/STM32F4xx_HAL_Driver/stm32f4xx_hal_flash_ramfunc.o ./Drivers/STM32F4xx_HAL_Driver/stm32f4xx_hal_flash_ramfunc.su ./Drivers/STM32F4xx_HAL_Driver/stm32f4xx_hal_gpio.cyclo ./Drivers/STM32F4xx_HAL_Driver/stm32f4xx_hal_gpio.d ./Drivers/STM32F4xx_HAL_Driver/stm32f4xx_hal_gpio.o ./Drivers/STM32F4xx_HAL_Driver/stm32f4xx_hal_gpio.su ./Drivers/STM32F4xx_HAL_Driver/stm32f4xx_hal_i2c.cyclo ./Drivers/STM32F4xx_HAL_Driver/stm32f4xx_hal_i2c.d ./Drivers/STM32F4xx_HAL_Driver/stm32f4xx_hal_i2c.o ./Drivers/STM32F4xx_HAL_Driver/stm32f4xx_hal_i2c.su ./Drivers/STM32F4xx_HAL_Driver/stm32f4xx_hal_i2c_ex.cyclo ./Drivers/STM32F4xx_HAL_Driver/stm32f4xx_hal_i2c_ex.d ./Drivers/STM32F4xx_HAL_Driver/stm32f4xx_hal_i2c_ex.o ./Drivers/STM32F4xx_HAL_Driver/stm32f4xx_hal_i2c_ex.su ./Drivers/STM32F4xx_HAL_Driver/stm32f4xx_hal_pwr.cyclo ./Drivers/STM32F4xx_HAL_Driver/stm32f4xx_hal_pwr.d ./Drivers/STM32F4xx_HAL_Driver/stm32f4xx_hal_pwr.o ./Drivers/STM32F4xx_HAL_Driver/stm32f4xx_hal_pwr.su ./Drivers/STM32F4xx_HAL_Driver/stm32f4xx_hal_pwr_ex.cyclo ./Drivers/STM32F4xx_HAL_Driver/stm32f4xx_hal_pwr_ex.d ./Drivers/STM32F4xx_HAL_Driver/stm32f4xx_hal_pwr_ex.o ./Drivers/STM32F4xx_HAL_Driver/stm32f4xx_hal_pwr_ex.su ./Drivers/STM32F4xx_HAL_Driver/stm32f4xx_hal_rcc.cyclo ./Drivers/STM32F4xx_HAL_Driver/stm32f4xx_hal_rcc.d ./Drivers/STM32F4xx_HAL_Driver/stm32f4xx_hal_rcc.o ./Drivers/STM32F4xx_HAL_Driver/stm32f4xx_hal_rcc.su ./Drivers/STM32F4xx_HAL_Driver/stm32f4xx_hal_rcc_ex.cyclo ./Drivers/STM32F4xx_HAL_Driver/stm32f4xx_hal_rcc_ex.d ./Drivers/STM32F4xx_HAL_Driver/stm32f4xx_hal_rcc_ex.o ./Drivers/STM32F4xx_HAL_Driver/stm32f4xx_hal_rcc_ex.su ./Drivers/STM32F4xx_HAL_Driver/stm32f4xx_hal_spi.cyclo ./Drivers/STM32F4xx_HAL_Driver/stm32f4xx_hal_spi.d ./Drivers/STM32F4xx_HAL_Driver/stm32f4xx_hal_spi.o ./Drivers/STM32F4xx_HAL_Driver/stm32f4xx_hal_spi.su ./Drivers/STM32F4xx_HAL_Driver/stm32f4xx_hal_tim.cyclo ./Drivers/STM32F4xx_HAL_Driver/stm32f4xx_hal_tim.d ./Drivers/STM32F4xx_HAL_Driver/stm32f4xx_hal_tim.o ./Drivers/STM32F4xx_HAL_Driver/stm32f4xx_hal_tim.su ./Drivers/STM32F4xx_HAL_Driver/stm32f4xx_hal_tim_ex.cyclo ./Drivers/STM32F4xx_HAL_Driver/stm32f4xx_hal_tim_ex.d ./Drivers/STM32F4xx_HAL_Driver/stm32f4xx_hal_tim_ex.o ./Drivers/STM32F4xx_HAL_Driver/stm32f4xx_hal_tim_ex.su
rm -rf ./Core/Startup/startup_stm32f407vetx.d ./Core/Startup/startup_stm32f407vetx.o
rm -rf ./Core/Src/RC522.cyclo ./Core/Src/RC522.d ./Core/Src/RC522.o ./Core/Src/RC522.su ./Core/Src/keypad.cyclo ./Core/Src/keypad.d ./Core/Src/keypad.o ./Core/Src/keypad.su ./Core/Src/liquidcrystal_i2c.cyclo ./Core/Src/liquidcrystal_i2c.d ./Core/Src/liquidcrystal_i2c.o ./Core/Src/liquidcrystal_i2c.su ./Core/Src/main.cyclo ./Core/Src/main.d ./Core/Src/main.o ./Core/Src/main.su ./Core/Src/stm32f4xx_hal_msp.cyclo ./Core/Src/stm32f4xx_hal_msp.d ./Core/Src/stm32f4xx_hal_msp.o ./Core/Src/stm32f4xx_hal_msp.su ./Core/Src/stm32f4xx_it.cyclo ./Core/Src/stm32f4xx_it.d ./Core/Src/stm32f4xx_it.o ./Core/Src/stm32f4xx_it.su ./Core/Src/syscalls.cyclo ./Core/Src/syscalls.d ./Core/Src/syscalls.o ./Core/Src/syscalls.su ./Core/Src/sysmem.cyclo ./Core/Src/sysmem.d ./Core/Src/sysmem.o ./Core/Src/sysmem.su ./Core/Src/system_stm32f4xx.cyclo ./Core/Src/system_stm32f4xx.d ./Core/Src/system_stm32f4xx.o ./Core/Src/system_stm32f4xx.su
rm -rf DoAnNe.elf DoAnNe.list DoAnNe.map default.size.stdout
 
13:50:03 **** Build of configuration Debug for project DoAnNe ****
make -j12 all 
arm-none-eabi-gcc "C:/Users/ASUS/STM32Cube/Repository/STM32Cube_FW_F4_V1.28.3/Drivers/STM32F4xx_HAL_Driver/Src/stm32f4xx_hal.c" -mcpu=cortex-m4 -std=gnu11 -g3 -DDEBUG -DUSE_HAL_DRIVER -DSTM32F407xx -c -I../Core/Inc -IC:/Users/ASUS/STM32Cube/Repository/STM32Cube_FW_F4_V1.28.3/Drivers/STM32F4xx_HAL_Driver/Inc -IC:/Users/ASUS/STM32Cube/Repository/STM32Cube_FW_F4_V1.28.3/Drivers/STM32F4xx_HAL_Driver/Inc/Legacy -IC:/Users/ASUS/STM32Cube/Repository/STM32Cube_FW_F4_V1.28.3/Drivers/CMSIS/Device/ST/STM32F4xx/Include -IC:/Users/ASUS/STM32Cube/Repository/STM32Cube_FW_F4_V1.28.3/Drivers/CMSIS/Include -O0 -ffunction-sections -fdata-sections -Wall -fstack-usage -fcyclomatic-complexity -MMD -MP -MF"Drivers/STM32F4xx_HAL_Driver/stm32f4xx_hal.d" -MT"Drivers/STM32F4xx_HAL_Driver/stm32f4xx_hal.o" --specs=nano.specs -mfpu=fpv4-sp-d16 -mfloat-abi=hard -mthumb -o "Drivers/STM32F4xx_HAL_Driver/stm32f4xx_hal.o"
arm-none-eabi-gcc "C:/Users/ASUS/STM32Cube/Repository/STM32Cube_FW_F4_V1.28.3/Drivers/STM32F4xx_HAL_Driver/Src/stm32f4xx_hal_cortex.c" -mcpu=cortex-m4 -std=gnu11 -g3 -DDEBUG -DUSE_HAL_DRIVER -DSTM32F407xx -c -I../Core/Inc -IC:/Users/ASUS/STM32Cube/Repository/STM32Cube_FW_F4_V1.28.3/Drivers/STM32F4xx_HAL_Driver/Inc -IC:/Users/ASUS/STM32Cube/Repository/STM32Cube_FW_F4_V1.28.3/Drivers/STM32F4xx_HAL_Driver/Inc/Legacy -IC:/Users/ASUS/STM32Cube/Repository/STM32Cube_FW_F4_V1.28.3/Drivers/CMSIS/Device/ST/STM32F4xx/Include -IC:/Users/ASUS/STM32Cube/Repository/STM32Cube_FW_F4_V1.28.3/Drivers/CMSIS/Include -O0 -ffunction-sections -fdata-sections -Wall -fstack-usage -fcyclomatic-complexity -MMD -MP -MF"Drivers/STM32F4xx_HAL_Driver/stm32f4xx_hal_cortex.d" -MT"Drivers/STM32F4xx_HAL_Driver/stm32f4xx_hal_cortex.o" --specs=nano.specs -mfpu=fpv4-sp-d16 -mfloat-abi=hard -mthumb -o "Drivers/STM32F4xx_HAL_Driver/stm32f4xx_hal_cortex.o"
arm-none-eabi-gcc "C:/Users/ASUS/STM32Cube/Repository/STM32Cube_FW_F4_V1.28.3/Drivers/STM32F4xx_HAL_Driver/Src/stm32f4xx_hal_dma.c" -mcpu=cortex-m4 -std=gnu11 -g3 -DDEBUG -DUSE_HAL_DRIVER -DSTM32F407xx -c -I../Core/Inc -IC:/Users/ASUS/STM32Cube/Repository/STM32Cube_FW_F4_V1.28.3/Drivers/STM32F4xx_HAL_Driver/Inc -IC:/Users/ASUS/STM32Cube/Repository/STM32Cube_FW_F4_V1.28.3/Drivers/STM32F4xx_HAL_Driver/Inc/Legacy -IC:/Users/ASUS/STM32Cube/Repository/STM32Cube_FW_F4_V1.28.3/Drivers/CMSIS/Device/ST/STM32F4xx/Include -IC:/Users/ASUS/STM32Cube/Repository/STM32Cube_FW_F4_V1.28.3/Drivers/CMSIS/Include -O0 -ffunction-sections -fdata-sections -Wall -fstack-usage -fcyclomatic-complexity -MMD -MP -MF"Drivers/STM32F4xx_HAL_Driver/stm32f4xx_hal_dma.d" -MT"Drivers/STM32F4xx_HAL_Driver/stm32f4xx_hal_dma.o" --specs=nano.specs -mfpu=fpv4-sp-d16 -mfloat-abi=hard -mthumb -o "Drivers/STM32F4xx_HAL_Driver/stm32f4xx_hal_dma.o"
arm-none-eabi-gcc "C:/Users/ASUS/STM32Cube/Repository/STM32Cube_FW_F4_V1.28.3/Drivers/STM32F4xx_HAL_Driver/Src/stm32f4xx_hal_dma_ex.c" -mcpu=cortex-m4 -std=gnu11 -g3 -DDEBUG -DUSE_HAL_DRIVER -DSTM32F407xx -c -I../Core/Inc -IC:/Users/ASUS/STM32Cube/Repository/STM32Cube_FW_F4_V1.28.3/Drivers/STM32F4xx_HAL_Driver/Inc -IC:/Users/ASUS/STM32Cube/Repository/STM32Cube_FW_F4_V1.28.3/Drivers/STM32F4xx_HAL_Driver/Inc/Legacy -IC:/Users/ASUS/STM32Cube/Repository/STM32Cube_FW_F4_V1.28.3/Drivers/CMSIS/Device/ST/STM32F4xx/Include -IC:/Users/ASUS/STM32Cube/Repository/STM32Cube_FW_F4_V1.28.3/Drivers/CMSIS/Include -O0 -ffunction-sections -fdata-sections -Wall -fstack-usage -fcyclomatic-complexity -MMD -MP -MF"Drivers/STM32F4xx_HAL_Driver/stm32f4xx_hal_dma_ex.d" -MT"Drivers/STM32F4xx_HAL_Driver/stm32f4xx_hal_dma_ex.o" --specs=nano.specs -mfpu=fpv4-sp-d16 -mfloat-abi=hard -mthumb -o "Drivers/STM32F4xx_HAL_Driver/stm32f4xx_hal_dma_ex.o"
arm-none-eabi-gcc "C:/Users/ASUS/STM32Cube/Repository/STM32Cube_FW_F4_V1.28.3/Drivers/STM32F4xx_HAL_Driver/Src/stm32f4xx_hal_exti.c" -mcpu=cortex-m4 -std=gnu11 -g3 -DDEBUG -DUSE_HAL_DRIVER -DSTM32F407xx -c -I../Core/Inc -IC:/Users/ASUS/STM32Cube/Repository/STM32Cube_FW_F4_V1.28.3/Drivers/STM32F4xx_HAL_Driver/Inc -IC:/Users/ASUS/STM32Cube/Repository/STM32Cube_FW_F4_V1.28.3/Drivers/STM32F4xx_HAL_Driver/Inc/Legacy -IC:/Users/ASUS/STM32Cube/Repository/STM32Cube_FW_F4_V1.28.3/Drivers/CMSIS/Device/ST/STM32F4xx/Include -IC:/Users/ASUS/STM32Cube/Repository/STM32Cube_FW_F4_V1.28.3/Drivers/CMSIS/Include -O0 -ffunction-sections -fdata-sections -Wall -fstack-usage -fcyclomatic-complexity -MMD -MP -MF"Drivers/STM32F4xx_HAL_Driver/stm32f4xx_hal_exti.d" -MT"Drivers/STM32F4xx_HAL_Driver/stm32f4xx_hal_exti.o" --specs=nano.specs -mfpu=fpv4-sp-d16 -mfloat-abi=hard -mthumb -o "Drivers/STM32F4xx_HAL_Driver/stm32f4xx_hal_exti.o"
arm-none-eabi-gcc "C:/Users/ASUS/STM32Cube/Repository/STM32Cube_FW_F4_V1.28.3/Drivers/STM32F4xx_HAL_Driver/Src/stm32f4xx_hal_flash.c" -mcpu=cortex-m4 -std=gnu11 -g3 -DDEBUG -DUSE_HAL_DRIVER -DSTM32F407xx -c -I../Core/Inc -IC:/Users/ASUS/STM32Cube/Repository/STM32Cube_FW_F4_V1.28.3/Drivers/STM32F4xx_HAL_Driver/Inc -IC:/Users/ASUS/STM32Cube/Repository/STM32Cube_FW_F4_V1.28.3/Drivers/STM32F4xx_HAL_Driver/Inc/Legacy -IC:/Users/ASUS/STM32Cube/Repository/STM32Cube_FW_F4_V1.28.3/Drivers/CMSIS/Device/ST/STM32F4xx/Include -IC:/Users/ASUS/STM32Cube/Repository/STM32Cube_FW_F4_V1.28.3/Drivers/CMSIS/Include -O0 -ffunction-sections -fdata-sections -Wall -fstack-usage -fcyclomatic-complexity -MMD -MP -MF"Drivers/STM32F4xx_HAL_Driver/stm32f4xx_hal_flash.d" -MT"Drivers/STM32F4xx_HAL_Driver/stm32f4xx_hal_flash.o" --specs=nano.specs -mfpu=fpv4-sp-d16 -mfloat-abi=hard -mthumb -o "Drivers/STM32F4xx_HAL_Driver/stm32f4xx_hal_flash.o"
arm-none-eabi-gcc "C:/Users/ASUS/STM32Cube/Repository/STM32Cube_FW_F4_V1.28.3/Drivers/STM32F4xx_HAL_Driver/Src/stm32f4xx_hal_flash_ex.c" -mcpu=cortex-m4 -std=gnu11 -g3 -DDEBUG -DUSE_HAL_DRIVER -DSTM32F407xx -c -I../Core/Inc -IC:/Users/ASUS/STM32Cube/Repository/STM32Cube_FW_F4_V1.28.3/Drivers/STM32F4xx_HAL_Driver/Inc -IC:/Users/ASUS/STM32Cube/Repository/STM32Cube_FW_F4_V1.28.3/Drivers/STM32F4xx_HAL_Driver/Inc/Legacy -IC:/Users/ASUS/STM32Cube/Repository/STM32Cube_FW_F4_V1.28.3/Drivers/CMSIS/Device/ST/STM32F4xx/Include -IC:/Users/ASUS/STM32Cube/Repository/STM32Cube_FW_F4_V1.28.3/Drivers/CMSIS/Include -O0 -ffunction-sections -fdata-sections -Wall -fstack-usage -fcyclomatic-complexity -MMD -MP -MF"Drivers/STM32F4xx_HAL_Driver/stm32f4xx_hal_flash_ex.d" -MT"Drivers/STM32F4xx_HAL_Driver/stm32f4xx_hal_flash_ex.o" --specs=nano.specs -mfpu=fpv4-sp-d16 -mfloat-abi=hard -mthumb -o "Drivers/STM32F4xx_HAL_Driver/stm32f4xx_hal_flash_ex.o"
arm-none-eabi-gcc "C:/Users/ASUS/STM32Cube/Repository/STM32Cube_FW_F4_V1.28.3/Drivers/STM32F4xx_HAL_Driver/Src/stm32f4xx_hal_flash_ramfunc.c" -mcpu=cortex-m4 -std=gnu11 -g3 -DDEBUG -DUSE_HAL_DRIVER -DSTM32F407xx -c -I../Core/Inc -IC:/Users/ASUS/STM32Cube/Repository/STM32Cube_FW_F4_V1.28.3/Drivers/STM32F4xx_HAL_Driver/Inc -IC:/Users/ASUS/STM32Cube/Repository/STM32Cube_FW_F4_V1.28.3/Drivers/STM32F4xx_HAL_Driver/Inc/Legacy -IC:/Users/ASUS/STM32Cube/Repository/STM32Cube_FW_F4_V1.28.3/Drivers/CMSIS/Device/ST/STM32F4xx/Include -IC:/Users/ASUS/STM32Cube/Repository/STM32Cube_FW_F4_V1.28.3/Drivers/CMSIS/Include -O0 -ffunction-sections -fdata-sections -Wall -fstack-usage -fcyclomatic-complexity -MMD -MP -MF"Drivers/STM32F4xx_HAL_Driver/stm32f4xx_hal_flash_ramfunc.d" -MT"Drivers/STM32F4xx_HAL_Driver/stm32f4xx_hal_flash_ramfunc.o" --specs=nano.specs -mfpu=fpv4-sp-d16 -mfloat-abi=hard -mthumb -o "Drivers/STM32F4xx_HAL_Driver/stm32f4xx_hal_flash_ramfunc.o"
arm-none-eabi-gcc "C:/Users/ASUS/STM32Cube/Repository/STM32Cube_FW_F4_V1.28.3/Drivers/STM32F4xx_HAL_Driver/Src/stm32f4xx_hal_gpio.c" -mcpu=cortex-m4 -std=gnu11 -g3 -DDEBUG -DUSE_HAL_DRIVER -DSTM32F407xx -c -I../Core/Inc -IC:/Users/ASUS/STM32Cube/Repository/STM32Cube_FW_F4_V1.28.3/Drivers/STM32F4xx_HAL_Driver/Inc -IC:/Users/ASUS/STM32Cube/Repository/STM32Cube_FW_F4_V1.28.3/Drivers/STM32F4xx_HAL_Driver/Inc/Legacy -IC:/Users/ASUS/STM32Cube/Repository/STM32Cube_FW_F4_V1.28.3/Drivers/CMSIS/Device/ST/STM32F4xx/Include -IC:/Users/ASUS/STM32Cube/Repository/STM32Cube_FW_F4_V1.28.3/Drivers/CMSIS/Include -O0 -ffunction-sections -fdata-sections -Wall -fstack-usage -fcyclomatic-complexity -MMD -MP -MF"Drivers/STM32F4xx_HAL_Driver/stm32f4xx_hal_gpio.d" -MT"Drivers/STM32F4xx_HAL_Driver/stm32f4xx_hal_gpio.o" --specs=nano.specs -mfpu=fpv4-sp-d16 -mfloat-abi=hard -mthumb -o "Drivers/STM32F4xx_HAL_Driver/stm32f4xx_hal_gpio.o"
arm-none-eabi-gcc "C:/Users/ASUS/STM32Cube/Repository/STM32Cube_FW_F4_V1.28.3/Drivers/STM32F4xx_HAL_Driver/Src/stm32f4xx_hal_i2c.c" -mcpu=cortex-m4 -std=gnu11 -g3 -DDEBUG -DUSE_HAL_DRIVER -DSTM32F407xx -c -I../Core/Inc -IC:/Users/ASUS/STM32Cube/Repository/STM32Cube_FW_F4_V1.28.3/Drivers/STM32F4xx_HAL_Driver/Inc -IC:/Users/ASUS/STM32Cube/Repository/STM32Cube_FW_F4_V1.28.3/Drivers/STM32F4xx_HAL_Driver/Inc/Legacy -IC:/Users/ASUS/STM32Cube/Repository/STM32Cube_FW_F4_V1.28.3/Drivers/CMSIS/Device/ST/STM32F4xx/Include -IC:/Users/ASUS/STM32Cube/Repository/STM32Cube_FW_F4_V1.28.3/Drivers/CMSIS/Include -O0 -ffunction-sections -fdata-sections -Wall -fstack-usage -fcyclomatic-complexity -MMD -MP -MF"Drivers/STM32F4xx_HAL_Driver/stm32f4xx_hal_i2c.d" -MT"Drivers/STM32F4xx_HAL_Driver/stm32f4xx_hal_i2c.o" --specs=nano.specs -mfpu=fpv4-sp-d16 -mfloat-abi=hard -mthumb -o "Drivers/STM32F4xx_HAL_Driver/stm32f4xx_hal_i2c.o"
arm-none-eabi-gcc "C:/Users/ASUS/STM32Cube/Repository/STM32Cube_FW_F4_V1.28.3/Drivers/STM32F4xx_HAL_Driver/Src/stm32f4xx_hal_i2c_ex.c" -mcpu=cortex-m4 -std=gnu11 -g3 -DDEBUG -DUSE_HAL_DRIVER -DSTM32F407xx -c -I../Core/Inc -IC:/Users/ASUS/STM32Cube/Repository/STM32Cube_FW_F4_V1.28.3/Drivers/STM32F4xx_HAL_Driver/Inc -IC:/Users/ASUS/STM32Cube/Repository/STM32Cube_FW_F4_V1.28.3/Drivers/STM32F4xx_HAL_Driver/Inc/Legacy -IC:/Users/ASUS/STM32Cube/Repository/STM32Cube_FW_F4_V1.28.3/Drivers/CMSIS/Device/ST/STM32F4xx/Include -IC:/Users/ASUS/STM32Cube/Repository/STM32Cube_FW_F4_V1.28.3/Drivers/CMSIS/Include -O0 -ffunction-sections -fdata-sections -Wall -fstack-usage -fcyclomatic-complexity -MMD -MP -MF"Drivers/STM32F4xx_HAL_Driver/stm32f4xx_hal_i2c_ex.d" -MT"Drivers/STM32F4xx_HAL_Driver/stm32f4xx_hal_i2c_ex.o" --specs=nano.specs -mfpu=fpv4-sp-d16 -mfloat-abi=hard -mthumb -o "Drivers/STM32F4xx_HAL_Driver/stm32f4xx_hal_i2c_ex.o"
arm-none-eabi-gcc "C:/Users/ASUS/STM32Cube/Repository/STM32Cube_FW_F4_V1.28.3/Drivers/STM32F4xx_HAL_Driver/Src/stm32f4xx_hal_pwr.c" -mcpu=cortex-m4 -std=gnu11 -g3 -DDEBUG -DUSE_HAL_DRIVER -DSTM32F407xx -c -I../Core/Inc -IC:/Users/ASUS/STM32Cube/Repository/STM32Cube_FW_F4_V1.28.3/Drivers/STM32F4xx_HAL_Driver/Inc -IC:/Users/ASUS/STM32Cube/Repository/STM32Cube_FW_F4_V1.28.3/Drivers/STM32F4xx_HAL_Driver/Inc/Legacy -IC:/Users/ASUS/STM32Cube/Repository/STM32Cube_FW_F4_V1.28.3/Drivers/CMSIS/Device/ST/STM32F4xx/Include -IC:/Users/ASUS/STM32Cube/Repository/STM32Cube_FW_F4_V1.28.3/Drivers/CMSIS/Include -O0 -ffunction-sections -fdata-sections -Wall -fstack-usage -fcyclomatic-complexity -MMD -MP -MF"Drivers/STM32F4xx_HAL_Driver/stm32f4xx_hal_pwr.d" -MT"Drivers/STM32F4xx_HAL_Driver/stm32f4xx_hal_pwr.o" --specs=nano.specs -mfpu=fpv4-sp-d16 -mfloat-abi=hard -mthumb -o "Drivers/STM32F4xx_HAL_Driver/stm32f4xx_hal_pwr.o"
arm-none-eabi-gcc "C:/Users/ASUS/STM32Cube/Repository/STM32Cube_FW_F4_V1.28.3/Drivers/STM32F4xx_HAL_Driver/Src/stm32f4xx_hal_pwr_ex.c" -mcpu=cortex-m4 -std=gnu11 -g3 -DDEBUG -DUSE_HAL_DRIVER -DSTM32F407xx -c -I../Core/Inc -IC:/Users/ASUS/STM32Cube/Repository/STM32Cube_FW_F4_V1.28.3/Drivers/STM32F4xx_HAL_Driver/Inc -IC:/Users/ASUS/STM32Cube/Repository/STM32Cube_FW_F4_V1.28.3/Drivers/STM32F4xx_HAL_Driver/Inc/Legacy -IC:/Users/ASUS/STM32Cube/Repository/STM32Cube_FW_F4_V1.28.3/Drivers/CMSIS/Device/ST/STM32F4xx/Include -IC:/Users/ASUS/STM32Cube/Repository/STM32Cube_FW_F4_V1.28.3/Drivers/CMSIS/Include -O0 -ffunction-sections -fdata-sections -Wall -fstack-usage -fcyclomatic-complexity -MMD -MP -MF"Drivers/STM32F4xx_HAL_Driver/stm32f4xx_hal_pwr_ex.d" -MT"Drivers/STM32F4xx_HAL_Driver/stm32f4xx_hal_pwr_ex.o" --specs=nano.specs -mfpu=fpv4-sp-d16 -mfloat-abi=hard -mthumb -o "Drivers/STM32F4xx_HAL_Driver/stm32f4xx_hal_pwr_ex.o"
arm-none-eabi-gcc "C:/Users/ASUS/STM32Cube/Repository/STM32Cube_FW_F4_V1.28.3/Drivers/STM32F4xx_HAL_Driver/Src/stm32f4xx_hal_rcc.c" -mcpu=cortex-m4 -std=gnu11 -g3 -DDEBUG -DUSE_HAL_DRIVER -DSTM32F407xx -c -I../Core/Inc -IC:/Users/ASUS/STM32Cube/Repository/STM32Cube_FW_F4_V1.28.3/Drivers/STM32F4xx_HAL_Driver/Inc -IC:/Users/ASUS/STM32Cube/Repository/STM32Cube_FW_F4_V1.28.3/Drivers/STM32F4xx_HAL_Driver/Inc/Legacy -IC:/Users/ASUS/STM32Cube/Repository/STM32Cube_FW_F4_V1.28.3/Drivers/CMSIS/Device/ST/STM32F4xx/Include -IC:/Users/ASUS/STM32Cube/Repository/STM32Cube_FW_F4_V1.28.3/Drivers/CMSIS/Include -O0 -ffunction-sections -fdata-sections -Wall -fstack-usage -fcyclomatic-complexity -MMD -MP -MF"Drivers/STM32F4xx_HAL_Driver/stm32f4xx_hal_rcc.d" -MT"Drivers/STM32F4xx_HAL_Driver/stm32f4xx_hal_rcc.o" --specs=nano.specs -mfpu=fpv4-sp-d16 -mfloat-abi=hard -mthumb -o "Drivers/STM32F4xx_HAL_Driver/stm32f4xx_hal_rcc.o"
arm-none-eabi-gcc "C:/Users/ASUS/STM32Cube/Repository/STM32Cube_FW_F4_V1.28.3/Drivers/STM32F4xx_HAL_Driver/Src/stm32f4xx_hal_rcc_ex.c" -mcpu=cortex-m4 -std=gnu11 -g3 -DDEBUG -DUSE_HAL_DRIVER -DSTM32F407xx -c -I../Core/Inc -IC:/Users/ASUS/STM32Cube/Repository/STM32Cube_FW_F4_V1.28.3/Drivers/STM32F4xx_HAL_Driver/Inc -IC:/Users/ASUS/STM32Cube/Repository/STM32Cube_FW_F4_V1.28.3/Drivers/STM32F4xx_HAL_Driver/Inc/Legacy -IC:/Users/ASUS/STM32Cube/Repository/STM32Cube_FW_F4_V1.28.3/Drivers/CMSIS/Device/ST/STM32F4xx/Include -IC:/Users/ASUS/STM32Cube/Repository/STM32Cube_FW_F4_V1.28.3/Drivers/CMSIS/Include -O0 -ffunction-sections -fdata-sections -Wall -fstack-usage -fcyclomatic-complexity -MMD -MP -MF"Drivers/STM32F4xx_HAL_Driver/stm32f4xx_hal_rcc_ex.d" -MT"Drivers/STM32F4xx_HAL_Driver/stm32f4xx_hal_rcc_ex.o" --specs=nano.specs -mfpu=fpv4-sp-d16 -mfloat-abi=hard -mthumb -o "Drivers/STM32F4xx_HAL_Driver/stm32f4xx_hal_rcc_ex.o"
arm-none-eabi-gcc "C:/Users/ASUS/STM32Cube/Repository/STM32Cube_FW_F4_V1.28.3/Drivers/STM32F4xx_HAL_Driver/Src/stm32f4xx_hal_spi.c" -mcpu=cortex-m4 -std=gnu11 -g3 -DDEBUG -DUSE_HAL_DRIVER -DSTM32F407xx -c -I../Core/Inc -IC:/Users/ASUS/STM32Cube/Repository/STM32Cube_FW_F4_V1.28.3/Drivers/STM32F4xx_HAL_Driver/Inc -IC:/Users/ASUS/STM32Cube/Repository/STM32Cube_FW_F4_V1.28.3/Drivers/STM32F4xx_HAL_Driver/Inc/Legacy -IC:/Users/ASUS/STM32Cube/Repository/STM32Cube_FW_F4_V1.28.3/Drivers/CMSIS/Device/ST/STM32F4xx/Include -IC:/Users/ASUS/STM32Cube/Repository/STM32Cube_FW_F4_V1.28.3/Drivers/CMSIS/Include -O0 -ffunction-sections -fdata-sections -Wall -fstack-usage -fcyclomatic-complexity -MMD -MP -MF"Drivers/STM32F4xx_HAL_Driver/stm32f4xx_hal_spi.d" -MT"Drivers/STM32F4xx_HAL_Driver/stm32f4xx_hal_spi.o" --specs=nano.specs -mfpu=fpv4-sp-d16 -mfloat-abi=hard -mthumb -o "Drivers/STM32F4xx_HAL_Driver/stm32f4xx_hal_spi.o"
arm-none-eabi-gcc "C:/Users/ASUS/STM32Cube/Repository/STM32Cube_FW_F4_V1.28.3/Drivers/STM32F4xx_HAL_Driver/Src/stm32f4xx_hal_tim.c" -mcpu=cortex-m4 -std=gnu11 -g3 -DDEBUG -DUSE_HAL_DRIVER -DSTM32F407xx -c -I../Core/Inc -IC:/Users/ASUS/STM32Cube/Repository/STM32Cube_FW_F4_V1.28.3/Drivers/STM32F4xx_HAL_Driver/Inc -IC:/Users/ASUS/STM32Cube/Repository/STM32Cube_FW_F4_V1.28.3/Drivers/STM32F4xx_HAL_Driver/Inc/Legacy -IC:/Users/ASUS/STM32Cube/Repository/STM32Cube_FW_F4_V1.28.3/Drivers/CMSIS/Device/ST/STM32F4xx/Include -IC:/Users/ASUS/STM32Cube/Repository/STM32Cube_FW_F4_V1.28.3/Drivers/CMSIS/Include -O0 -ffunction-sections -fdata-sections -Wall -fstack-usage -fcyclomatic-complexity -MMD -MP -MF"Drivers/STM32F4xx_HAL_Driver/stm32f4xx_hal_tim.d" -MT"Drivers/STM32F4xx_HAL_Driver/stm32f4xx_hal_tim.o" --specs=nano.specs -mfpu=fpv4-sp-d16 -mfloat-abi=hard -mthumb -o "Drivers/STM32F4xx_HAL_Driver/stm32f4xx_hal_tim.o"
arm-none-eabi-gcc "C:/Users/ASUS/STM32Cube/Repository/STM32Cube_FW_F4_V1.28.3/Drivers/STM32F4xx_HAL_Driver/Src/stm32f4xx_hal_tim_ex.c" -mcpu=cortex-m4 -std=gnu11 -g3 -DDEBUG -DUSE_HAL_DRIVER -DSTM32F407xx -c -I../Core/Inc -IC:/Users/ASUS/STM32Cube/Repository/STM32Cube_FW_F4_V1.28.3/Drivers/STM32F4xx_HAL_Driver/Inc -IC:/Users/ASUS/STM32Cube/Repository/STM32Cube_FW_F4_V1.28.3/Drivers/STM32F4xx_HAL_Driver/Inc/Legacy -IC:/Users/ASUS/STM32Cube/Repository/STM32Cube_FW_F4_V1.28.3/Drivers/CMSIS/Device/ST/STM32F4xx/Include -IC:/Users/ASUS/STM32Cube/Repository/STM32Cube_FW_F4_V1.28.3/Drivers/CMSIS/Include -O0 -ffunction-sections -fdata-sections -Wall -fstack-usage -fcyclomatic-complexity -MMD -MP -MF"Drivers/STM32F4xx_HAL_Driver/stm32f4xx_hal_tim_ex.d" -MT"Drivers/STM32F4xx_HAL_Driver/stm32f4xx_hal_tim_ex.o" --specs=nano.specs -mfpu=fpv4-sp-d16 -mfloat-abi=hard -mthumb -o "Drivers/STM32F4xx_HAL_Driver/stm32f4xx_hal_tim_ex.o"
arm-none-eabi-gcc -mcpu=cortex-m4 -g3 -DDEBUG -c -x assembler-with-cpp -MMD -MP -MF"Core/Startup/startup_stm32f407vetx.d" -MT"Core/Startup/startup_stm32f407vetx.o" --specs=nano.specs -mfpu=fpv4-sp-d16 -mfloat-abi=hard -mthumb -o "Core/Startup/startup_stm32f407vetx.o" "../Core/Startup/startup_stm32f407vetx.s"
arm-none-eabi-gcc "../Core/Src/RC522.c" -mcpu=cortex-m4 -std=gnu11 -g3 -DDEBUG -DUSE_HAL_DRIVER -DSTM32F407xx -c -I../Core/Inc -IC:/Users/ASUS/STM32Cube/Repository/STM32Cube_FW_F4_V1.28.3/Drivers/STM32F4xx_HAL_Driver/Inc -IC:/Users/ASUS/STM32Cube/Repository/STM32Cube_FW_F4_V1.28.3/Drivers/STM32F4xx_HAL_Driver/Inc/Legacy -IC:/Users/ASUS/STM32Cube/Repository/STM32Cube_FW_F4_V1.28.3/Drivers/CMSIS/Device/ST/STM32F4xx/Include -IC:/Users/ASUS/STM32Cube/Repository/STM32Cube_FW_F4_V1.28.3/Drivers/CMSIS/Include -O0 -ffunction-sections -fdata-sections -Wall -fstack-usage -fcyclomatic-complexity -MMD -MP -MF"Core/Src/RC522.d" -MT"Core/Src/RC522.o" --specs=nano.specs -mfpu=fpv4-sp-d16 -mfloat-abi=hard -mthumb -o "Core/Src/RC522.o"
arm-none-eabi-gcc "../Core/Src/keypad.c" -mcpu=cortex-m4 -std=gnu11 -g3 -DDEBUG -DUSE_HAL_DRIVER -DSTM32F407xx -c -I../Core/Inc -IC:/Users/ASUS/STM32Cube/Repository/STM32Cube_FW_F4_V1.28.3/Drivers/STM32F4xx_HAL_Driver/Inc -IC:/Users/ASUS/STM32Cube/Repository/STM32Cube_FW_F4_V1.28.3/Drivers/STM32F4xx_HAL_Driver/Inc/Legacy -IC:/Users/ASUS/STM32Cube/Repository/STM32Cube_FW_F4_V1.28.3/Drivers/CMSIS/Device/ST/STM32F4xx/Include -IC:/Users/ASUS/STM32Cube/Repository/STM32Cube_FW_F4_V1.28.3/Drivers/CMSIS/Include -O0 -ffunction-sections -fdata-sections -Wall -fstack-usage -fcyclomatic-complexity -MMD -MP -MF"Core/Src/keypad.d" -MT"Core/Src/keypad.o" --specs=nano.specs -mfpu=fpv4-sp-d16 -mfloat-abi=hard -mthumb -o "Core/Src/keypad.o"
arm-none-eabi-gcc "../Core/Src/liquidcrystal_i2c.c" -mcpu=cortex-m4 -std=gnu11 -g3 -DDEBUG -DUSE_HAL_DRIVER -DSTM32F407xx -c -I../Core/Inc -IC:/Users/ASUS/STM32Cube/Repository/STM32Cube_FW_F4_V1.28.3/Drivers/STM32F4xx_HAL_Driver/Inc -IC:/Users/ASUS/STM32Cube/Repository/STM32Cube_FW_F4_V1.28.3/Drivers/STM32F4xx_HAL_Driver/Inc/Legacy -IC:/Users/ASUS/STM32Cube/Repository/STM32Cube_FW_F4_V1.28.3/Drivers/CMSIS/Device/ST/STM32F4xx/Include -IC:/Users/ASUS/STM32Cube/Repository/STM32Cube_FW_F4_V1.28.3/Drivers/CMSIS/Include -O0 -ffunction-sections -fdata-sections -Wall -fstack-usage -fcyclomatic-complexity -MMD -MP -MF"Core/Src/liquidcrystal_i2c.d" -MT"Core/Src/liquidcrystal_i2c.o" --specs=nano.specs -mfpu=fpv4-sp-d16 -mfloat-abi=hard -mthumb -o "Core/Src/liquidcrystal_i2c.o"
arm-none-eabi-gcc "../Core/Src/main.c" -mcpu=cortex-m4 -std=gnu11 -g3 -DDEBUG -DUSE_HAL_DRIVER -DSTM32F407xx -c -I../Core/Inc -IC:/Users/ASUS/STM32Cube/Repository/STM32Cube_FW_F4_V1.28.3/Drivers/STM32F4xx_HAL_Driver/Inc -IC:/Users/ASUS/STM32Cube/Repository/STM32Cube_FW_F4_V1.28.3/Drivers/STM32F4xx_HAL_Driver/Inc/Legacy -IC:/Users/ASUS/STM32Cube/Repository/STM32Cube_FW_F4_V1.28.3/Drivers/CMSIS/Device/ST/STM32F4xx/Include -IC:/Users/ASUS/STM32Cube/Repository/STM32Cube_FW_F4_V1.28.3/Drivers/CMSIS/Include -O0 -ffunction-sections -fdata-sections -Wall -fstack-usage -fcyclomatic-complexity -MMD -MP -MF"Core/Src/main.d" -MT"Core/Src/main.o" --specs=nano.specs -mfpu=fpv4-sp-d16 -mfloat-abi=hard -mthumb -o "Core/Src/main.o"
arm-none-eabi-gcc "../Core/Src/stm32f4xx_hal_msp.c" -mcpu=cortex-m4 -std=gnu11 -g3 -DDEBUG -DUSE_HAL_DRIVER -DSTM32F407xx -c -I../Core/Inc -IC:/Users/ASUS/STM32Cube/Repository/STM32Cube_FW_F4_V1.28.3/Drivers/STM32F4xx_HAL_Driver/Inc -IC:/Users/ASUS/STM32Cube/Repository/STM32Cube_FW_F4_V1.28.3/Drivers/STM32F4xx_HAL_Driver/Inc/Legacy -IC:/Users/ASUS/STM32Cube/Repository/STM32Cube_FW_F4_V1.28.3/Drivers/CMSIS/Device/ST/STM32F4xx/Include -IC:/Users/ASUS/STM32Cube/Repository/STM32Cube_FW_F4_V1.28.3/Drivers/CMSIS/Include -O0 -ffunction-sections -fdata-sections -Wall -fstack-usage -fcyclomatic-complexity -MMD -MP -MF"Core/Src/stm32f4xx_hal_msp.d" -MT"Core/Src/stm32f4xx_hal_msp.o" --specs=nano.specs -mfpu=fpv4-sp-d16 -mfloat-abi=hard -mthumb -o "Core/Src/stm32f4xx_hal_msp.o"
arm-none-eabi-gcc "../Core/Src/stm32f4xx_it.c" -mcpu=cortex-m4 -std=gnu11 -g3 -DDEBUG -DUSE_HAL_DRIVER -DSTM32F407xx -c -I../Core/Inc -IC:/Users/ASUS/STM32Cube/Repository/STM32Cube_FW_F4_V1.28.3/Drivers/STM32F4xx_HAL_Driver/Inc -IC:/Users/ASUS/STM32Cube/Repository/STM32Cube_FW_F4_V1.28.3/Drivers/STM32F4xx_HAL_Driver/Inc/Legacy -IC:/Users/ASUS/STM32Cube/Repository/STM32Cube_FW_F4_V1.28.3/Drivers/CMSIS/Device/ST/STM32F4xx/Include -IC:/Users/ASUS/STM32Cube/Repository/STM32Cube_FW_F4_V1.28.3/Drivers/CMSIS/Include -O0 -ffunction-sections -fdata-sections -Wall -fstack-usage -fcyclomatic-complexity -MMD -MP -MF"Core/Src/stm32f4xx_it.d" -MT"Core/Src/stm32f4xx_it.o" --specs=nano.specs -mfpu=fpv4-sp-d16 -mfloat-abi=hard -mthumb -o "Core/Src/stm32f4xx_it.o"
arm-none-eabi-gcc "../Core/Src/syscalls.c" -mcpu=cortex-m4 -std=gnu11 -g3 -DDEBUG -DUSE_HAL_DRIVER -DSTM32F407xx -c -I../Core/Inc -IC:/Users/ASUS/STM32Cube/Repository/STM32Cube_FW_F4_V1.28.3/Drivers/STM32F4xx_HAL_Driver/Inc -IC:/Users/ASUS/STM32Cube/Repository/STM32Cube_FW_F4_V1.28.3/Drivers/STM32F4xx_HAL_Driver/Inc/Legacy -IC:/Users/ASUS/STM32Cube/Repository/STM32Cube_FW_F4_V1.28.3/Drivers/CMSIS/Device/ST/STM32F4xx/Include -IC:/Users/ASUS/STM32Cube/Repository/STM32Cube_FW_F4_V1.28.3/Drivers/CMSIS/Include -O0 -ffunction-sections -fdata-sections -Wall -fstack-usage -fcyclomatic-complexity -MMD -MP -MF"Core/Src/syscalls.d" -MT"Core/Src/syscalls.o" --specs=nano.specs -mfpu=fpv4-sp-d16 -mfloat-abi=hard -mthumb -o "Core/Src/syscalls.o"
../Core/Src/liquidcrystal_i2c.c: In function 'ExpanderWrite':
../Core/Src/liquidcrystal_i2c.c:260:28: error: 'hi2c1' undeclared (first use in this function)
  260 |   HAL_I2C_Master_Transmit(&hi2c1, DEVICE_ADDR, (uint8_t*)&data, 1, 10);
      |                            ^~~~~
../Core/Src/liquidcrystal_i2c.c:260:28: note: each undeclared identifier is reported only once for each function it appears in
make: *** [Core/Src/subdir.mk:43: Core/Src/liquidcrystal_i2c.o] Error 1
make: *** Waiting for unfinished jobs....
"make -j12 all" terminated with exit code 2. Build might be incomplete.
13:50:47 **** Incremental Build of configuration Debug for project DoAnNe ****
make -j12 all 
arm-none-eabi-gcc "../Core/Src/liquidcrystal_i2c.c" -mcpu=cortex-m4 -std=gnu11 -g3 -DDEBUG -DUSE_HAL_DRIVER -DSTM32F407xx -c -I../Core/Inc -IC:/Users/ASUS/STM32Cube/Repository/STM32Cube_FW_F4_V1.28.3/Drivers/STM32F4xx_HAL_Driver/Inc -IC:/Users/ASUS/STM32Cube/Repository/STM32Cube_FW_F4_V1.28.3/Drivers/STM32F4xx_HAL_Driver/Inc/Legacy -IC:/Users/ASUS/STM32Cube/Repository/STM32Cube_FW_F4_V1.28.3/Drivers/CMSIS/Device/ST/STM32F4xx/Include -IC:/Users/ASUS/STM32Cube/Repository/STM32Cube_FW_F4_V1.28.3/Drivers/CMSIS/Include -O0 -ffunction-sections -fdata-sections -Wall -fstack-usage -fcyclomatic-complexity -MMD -MP -MF"Core/Src/liquidcrystal_i2c.d" -MT"Core/Src/liquidcrystal_i2c.o" --specs=nano.specs -mfpu=fpv4-sp-d16 -mfloat-abi=hard -mthumb -o "Core/Src/liquidcrystal_i2c.o"
arm-none-eabi-gcc "../Core/Src/main.c" -mcpu=cortex-m4 -std=gnu11 -g3 -DDEBUG -DUSE_HAL_DRIVER -DSTM32F407xx -c -I../Core/Inc -IC:/Users/ASUS/STM32Cube/Repository/STM32Cube_FW_F4_V1.28.3/Drivers/STM32F4xx_HAL_Driver/Inc -IC:/Users/ASUS/STM32Cube/Repository/STM32Cube_FW_F4_V1.28.3/Drivers/STM32F4xx_HAL_Driver/Inc/Legacy -IC:/Users/ASUS/STM32Cube/Repository/STM32Cube_FW_F4_V1.28.3/Drivers/CMSIS/Device/ST/STM32F4xx/Include -IC:/Users/ASUS/STM32Cube/Repository/STM32Cube_FW_F4_V1.28.3/Drivers/CMSIS/Include -O0 -ffunction-sections -fdata-sections -Wall -fstack-usage -fcyclomatic-complexity -MMD -MP -MF"Core/Src/main.d" -MT"Core/Src/main.o" --specs=nano.specs -mfpu=fpv4-sp-d16 -mfloat-abi=hard -mthumb -o "Core/Src/main.o"
arm-none-eabi-gcc "../Core/Src/sysmem.c" -mcpu=cortex-m4 -std=gnu11 -g3 -DDEBUG -DUSE_HAL_DRIVER -DSTM32F407xx -c -I../Core/Inc -IC:/Users/ASUS/STM32Cube/Repository/STM32Cube_FW_F4_V1.28.3/Drivers/STM32F4xx_HAL_Driver/Inc -IC:/Users/ASUS/STM32Cube/Repository/STM32Cube_FW_F4_V1.28.3/Drivers/STM32F4xx_HAL_Driver/Inc/Legacy -IC:/Users/ASUS/STM32Cube/Repository/STM32Cube_FW_F4_V1.28.3/Drivers/CMSIS/Device/ST/STM32F4xx/Include -IC:/Users/ASUS/STM32Cube/Repository/STM32Cube_FW_F4_V1.28.3/Drivers/CMSIS/Include -O0 -ffunction-sections -fdata-sections -Wall -fstack-usage -fcyclomatic-complexity -MMD -MP -MF"Core/Src/sysmem.d" -MT"Core/Src/sysmem.o" --specs=nano.specs -mfpu=fpv4-sp-d16 -mfloat-abi=hard -mthumb -o "Core/Src/sysmem.o"
arm-none-eabi-gcc "../Core/Src/system_stm32f4xx.c" -mcpu=cortex-m4 -std=gnu11 -g3 -DDEBUG -DUSE_HAL_DRIVER -DSTM32F407xx -c -I../Core/Inc -IC:/Users/ASUS/STM32Cube/Repository/STM32Cube_FW_F4_V1.28.3/Drivers/STM32F4xx_HAL_Driver/Inc -IC:/Users/ASUS/STM32Cube/Repository/STM32Cube_FW_F4_V1.28.3/Drivers/STM32F4xx_HAL_Driver/Inc/Legacy -IC:/Users/ASUS/STM32Cube/Repository/STM32Cube_FW_F4_V1.28.3/Drivers/CMSIS/Device/ST/STM32F4xx/Include -IC:/Users/ASUS/STM32Cube/Repository/STM32Cube_FW_F4_V1.28.3/Drivers/CMSIS/Include -O0 -ffunction-sections -fdata-sections -Wall -fstack-usage -fcyclomatic-complexity -MMD -MP -MF"Core/Src/system_stm32f4xx.d" -MT"Core/Src/system_stm32f4xx.o" --specs=nano.specs -mfpu=fpv4-sp-d16 -mfloat-abi=hard -mthumb -o "Core/Src/system_stm32f4xx.o"
../Core/Src/liquidcrystal_i2c.c: In function 'ExpanderWrite':
../Core/Src/liquidcrystal_i2c.c:260:28: error: 'hi2c1' undeclared (first use in this function)
  260 |   HAL_I2C_Master_Transmit(&hi2c1, DEVICE_ADDR, (uint8_t*)&data, 1, 10);
      |                            ^~~~~
../Core/Src/liquidcrystal_i2c.c:260:28: note: each undeclared identifier is reported only once for each function it appears in
make: *** [Core/Src/subdir.mk:43: Core/Src/liquidcrystal_i2c.o] Error 1
make: *** Waiting for unfinished jobs....
../Core/Src/main.c:27:10: fatal error: i2c.h: No such file or directory
   27 | #include "i2c.h"
      |          ^~~~~~~
compilation terminated.
make: *** [Core/Src/subdir.mk:43: Core/Src/main.o] Error 1
"make -j12 all" terminated with exit code 2. Build might be incomplete.
13:51:47 **** Incremental Build of configuration Debug for project DoAnNe ****
make -j12 all 
arm-none-eabi-gcc "../Core/Src/liquidcrystal_i2c.c" -mcpu=cortex-m4 -std=gnu11 -g3 -DDEBUG -DUSE_HAL_DRIVER -DSTM32F407xx -c -I../Core/Inc -IC:/Users/ASUS/STM32Cube/Repository/STM32Cube_FW_F4_V1.28.3/Drivers/STM32F4xx_HAL_Driver/Inc -IC:/Users/ASUS/STM32Cube/Repository/STM32Cube_FW_F4_V1.28.3/Drivers/STM32F4xx_HAL_Driver/Inc/Legacy -IC:/Users/ASUS/STM32Cube/Repository/STM32Cube_FW_F4_V1.28.3/Drivers/CMSIS/Device/ST/STM32F4xx/Include -IC:/Users/ASUS/STM32Cube/Repository/STM32Cube_FW_F4_V1.28.3/Drivers/CMSIS/Include -O0 -ffunction-sections -fdata-sections -Wall -fstack-usage -fcyclomatic-complexity -MMD -MP -MF"Core/Src/liquidcrystal_i2c.d" -MT"Core/Src/liquidcrystal_i2c.o" --specs=nano.specs -mfpu=fpv4-sp-d16 -mfloat-abi=hard -mthumb -o "Core/Src/liquidcrystal_i2c.o"
arm-none-eabi-gcc "../Core/Src/main.c" -mcpu=cortex-m4 -std=gnu11 -g3 -DDEBUG -DUSE_HAL_DRIVER -DSTM32F407xx -c -I../Core/Inc -IC:/Users/ASUS/STM32Cube/Repository/STM32Cube_FW_F4_V1.28.3/Drivers/STM32F4xx_HAL_Driver/Inc -IC:/Users/ASUS/STM32Cube/Repository/STM32Cube_FW_F4_V1.28.3/Drivers/STM32F4xx_HAL_Driver/Inc/Legacy -IC:/Users/ASUS/STM32Cube/Repository/STM32Cube_FW_F4_V1.28.3/Drivers/CMSIS/Device/ST/STM32F4xx/Include -IC:/Users/ASUS/STM32Cube/Repository/STM32Cube_FW_F4_V1.28.3/Drivers/CMSIS/Include -O0 -ffunction-sections -fdata-sections -Wall -fstack-usage -fcyclomatic-complexity -MMD -MP -MF"Core/Src/main.d" -MT"Core/Src/main.o" --specs=nano.specs -mfpu=fpv4-sp-d16 -mfloat-abi=hard -mthumb -o "Core/Src/main.o"
../Core/Src/liquidcrystal_i2c.c: In function 'ExpanderWrite':
../Core/Src/liquidcrystal_i2c.c:260:28: error: 'hi2c1' undeclared (first use in this function)
  260 |   HAL_I2C_Master_Transmit(&hi2c1, DEVICE_ADDR, (uint8_t*)&data, 1, 10);
      |                            ^~~~~
../Core/Src/liquidcrystal_i2c.c:260:28: note: each undeclared identifier is reported only once for each function it appears in
make: *** [Core/Src/subdir.mk:43: Core/Src/liquidcrystal_i2c.o] Error 1
make: *** Waiting for unfinished jobs....
"make -j12 all" terminated with exit code 2. Build might be incomplete.
14:36:23 **** Incremental Build of configuration Debug for project DoAnNe ****
make -j12 all 
arm-none-eabi-gcc "../Core/Src/liquidcrystal_i2c.c" -mcpu=cortex-m4 -std=gnu11 -g3 -DDEBUG -DUSE_HAL_DRIVER -DSTM32F407xx -c -I../Core/Inc -IC:/Users/ASUS/STM32Cube/Repository/STM32Cube_FW_F4_V1.28.3/Drivers/STM32F4xx_HAL_Driver/Inc -IC:/Users/ASUS/STM32Cube/Repository/STM32Cube_FW_F4_V1.28.3/Drivers/STM32F4xx_HAL_Driver/Inc/Legacy -IC:/Users/ASUS/STM32Cube/Repository/STM32Cube_FW_F4_V1.28.3/Drivers/CMSIS/Device/ST/STM32F4xx/Include -IC:/Users/ASUS/STM32Cube/Repository/STM32Cube_FW_F4_V1.28.3/Drivers/CMSIS/Include -O0 -ffunction-sections -fdata-sections -Wall -fstack-usage -fcyclomatic-complexity -MMD -MP -MF"Core/Src/liquidcrystal_i2c.d" -MT"Core/Src/liquidcrystal_i2c.o" --specs=nano.specs -mfpu=fpv4-sp-d16 -mfloat-abi=hard -mthumb -o "Core/Src/liquidcrystal_i2c.o"
arm-none-eabi-gcc "../Core/Src/main.c" -mcpu=cortex-m4 -std=gnu11 -g3 -DDEBUG -DUSE_HAL_DRIVER -DSTM32F407xx -c -I../Core/Inc -IC:/Users/ASUS/STM32Cube/Repository/STM32Cube_FW_F4_V1.28.3/Drivers/STM32F4xx_HAL_Driver/Inc -IC:/Users/ASUS/STM32Cube/Repository/STM32Cube_FW_F4_V1.28.3/Drivers/STM32F4xx_HAL_Driver/Inc/Legacy -IC:/Users/ASUS/STM32Cube/Repository/STM32Cube_FW_F4_V1.28.3/Drivers/CMSIS/Device/ST/STM32F4xx/Include -IC:/Users/ASUS/STM32Cube/Repository/STM32Cube_FW_F4_V1.28.3/Drivers/CMSIS/Include -O0 -ffunction-sections -fdata-sections -Wall -fstack-usage -fcyclomatic-complexity -MMD -MP -MF"Core/Src/main.d" -MT"Core/Src/main.o" --specs=nano.specs -mfpu=fpv4-sp-d16 -mfloat-abi=hard -mthumb -o "Core/Src/main.o"
../Core/Src/liquidcrystal_i2c.c: In function 'ExpanderWrite':
../Core/Src/liquidcrystal_i2c.c:260:28: error: 'hi2c1' undeclared (first use in this function)
  260 |   HAL_I2C_Master_Transmit(&hi2c1, DEVICE_ADDR, (uint8_t*)&data, 1, 10);
      |                            ^~~~~
../Core/Src/liquidcrystal_i2c.c:260:28: note: each undeclared identifier is reported only once for each function it appears in
make: *** [Core/Src/subdir.mk:43: Core/Src/liquidcrystal_i2c.o] Error 1
make: *** Waiting for unfinished jobs....
"make -j12 all" terminated with exit code 2. Build might be incomplete.
14:40:55 **** Incremental Build of configuration Debug for project DoAnNe ****
make -j12 all 
arm-none-eabi-gcc "../Core/Src/liquidcrystal_i2c.c" -mcpu=cortex-m4 -std=gnu11 -g3 -DDEBUG -DUSE_HAL_DRIVER -DSTM32F407xx -c -I../Core/Inc -IC:/Users/ASUS/STM32Cube/Repository/STM32Cube_FW_F4_V1.28.3/Drivers/STM32F4xx_HAL_Driver/Inc -IC:/Users/ASUS/STM32Cube/Repository/STM32Cube_FW_F4_V1.28.3/Drivers/STM32F4xx_HAL_Driver/Inc/Legacy -IC:/Users/ASUS/STM32Cube/Repository/STM32Cube_FW_F4_V1.28.3/Drivers/CMSIS/Device/ST/STM32F4xx/Include -IC:/Users/ASUS/STM32Cube/Repository/STM32Cube_FW_F4_V1.28.3/Drivers/CMSIS/Include -O0 -ffunction-sections -fdata-sections -Wall -fstack-usage -fcyclomatic-complexity -MMD -MP -MF"Core/Src/liquidcrystal_i2c.d" -MT"Core/Src/liquidcrystal_i2c.o" --specs=nano.specs -mfpu=fpv4-sp-d16 -mfloat-abi=hard -mthumb -o "Core/Src/liquidcrystal_i2c.o"
../Core/Src/liquidcrystal_i2c.c: In function 'ExpanderWrite':
../Core/Src/liquidcrystal_i2c.c:260:28: error: 'hi2c2' undeclared (first use in this function)
  260 |   HAL_I2C_Master_Transmit(&hi2c2, DEVICE_ADDR, (uint8_t*)&data, 1, 10);
      |                            ^~~~~
../Core/Src/liquidcrystal_i2c.c:260:28: note: each undeclared identifier is reported only once for each function it appears in
make: *** [Core/Src/subdir.mk:43: Core/Src/liquidcrystal_i2c.o] Error 1
"make -j12 all" terminated with exit code 2. Build might be incomplete.
14:43:15 **** Incremental Build of configuration Debug for project DoAnNe ****
make -j12 all 
arm-none-eabi-gcc "../Core/Src/liquidcrystal_i2c.c" -mcpu=cortex-m4 -std=gnu11 -g3 -DDEBUG -DUSE_HAL_DRIVER -DSTM32F407xx -c -I../Core/Inc -IC:/Users/ASUS/STM32Cube/Repository/STM32Cube_FW_F4_V1.28.3/Drivers/STM32F4xx_HAL_Driver/Inc -IC:/Users/ASUS/STM32Cube/Repository/STM32Cube_FW_F4_V1.28.3/Drivers/STM32F4xx_HAL_Driver/Inc/Legacy -IC:/Users/ASUS/STM32Cube/Repository/STM32Cube_FW_F4_V1.28.3/Drivers/CMSIS/Device/ST/STM32F4xx/Include -IC:/Users/ASUS/STM32Cube/Repository/STM32Cube_FW_F4_V1.28.3/Drivers/CMSIS/Include -O0 -ffunction-sections -fdata-sections -Wall -fstack-usage -fcyclomatic-complexity -MMD -MP -MF"Core/Src/liquidcrystal_i2c.d" -MT"Core/Src/liquidcrystal_i2c.o" --specs=nano.specs -mfpu=fpv4-sp-d16 -mfloat-abi=hard -mthumb -o "Core/Src/liquidcrystal_i2c.o"
arm-none-eabi-gcc "../Core/Src/main.c" -mcpu=cortex-m4 -std=gnu11 -g3 -DDEBUG -DUSE_HAL_DRIVER -DSTM32F407xx -c -I../Core/Inc -IC:/Users/ASUS/STM32Cube/Repository/STM32Cube_FW_F4_V1.28.3/Drivers/STM32F4xx_HAL_Driver/Inc -IC:/Users/ASUS/STM32Cube/Repository/STM32Cube_FW_F4_V1.28.3/Drivers/STM32F4xx_HAL_Driver/Inc/Legacy -IC:/Users/ASUS/STM32Cube/Repository/STM32Cube_FW_F4_V1.28.3/Drivers/CMSIS/Device/ST/STM32F4xx/Include -IC:/Users/ASUS/STM32Cube/Repository/STM32Cube_FW_F4_V1.28.3/Drivers/CMSIS/Include -O0 -ffunction-sections -fdata-sections -Wall -fstack-usage -fcyclomatic-complexity -MMD -MP -MF"Core/Src/main.d" -MT"Core/Src/main.o" --specs=nano.specs -mfpu=fpv4-sp-d16 -mfloat-abi=hard -mthumb -o "Core/Src/main.o"
arm-none-eabi-gcc "../Core/Src/stm32f4xx_hal_msp.c" -mcpu=cortex-m4 -std=gnu11 -g3 -DDEBUG -DUSE_HAL_DRIVER -DSTM32F407xx -c -I../Core/Inc -IC:/Users/ASUS/STM32Cube/Repository/STM32Cube_FW_F4_V1.28.3/Drivers/STM32F4xx_HAL_Driver/Inc -IC:/Users/ASUS/STM32Cube/Repository/STM32Cube_FW_F4_V1.28.3/Drivers/STM32F4xx_HAL_Driver/Inc/Legacy -IC:/Users/ASUS/STM32Cube/Repository/STM32Cube_FW_F4_V1.28.3/Drivers/CMSIS/Device/ST/STM32F4xx/Include -IC:/Users/ASUS/STM32Cube/Repository/STM32Cube_FW_F4_V1.28.3/Drivers/CMSIS/Include -O0 -ffunction-sections -fdata-sections -Wall -fstack-usage -fcyclomatic-complexity -MMD -MP -MF"Core/Src/stm32f4xx_hal_msp.d" -MT"Core/Src/stm32f4xx_hal_msp.o" --specs=nano.specs -mfpu=fpv4-sp-d16 -mfloat-abi=hard -mthumb -o "Core/Src/stm32f4xx_hal_msp.o"
../Core/Src/liquidcrystal_i2c.c: In function 'ExpanderWrite':
../Core/Src/liquidcrystal_i2c.c:260:28: error: 'hi2c1' undeclared (first use in this function)
  260 |   HAL_I2C_Master_Transmit(&hi2c1, DEVICE_ADDR, (uint8_t*)&data, 1, 10);
      |                            ^~~~~
../Core/Src/liquidcrystal_i2c.c:260:28: note: each undeclared identifier is reported only once for each function it appears in
make: *** [Core/Src/subdir.mk:43: Core/Src/liquidcrystal_i2c.o] Error 1
make: *** Waiting for unfinished jobs....
"make -j12 all" terminated with exit code 2. Build might be incomplete.
14:47:32 **** Incremental Build of configuration Debug for project DoAnNe ****
make -j12 all 
arm-none-eabi-gcc "../Core/Src/liquidcrystal_i2c.c" -mcpu=cortex-m4 -std=gnu11 -g3 -DDEBUG -DUSE_HAL_DRIVER -DSTM32F407xx -c -I../Core/Inc -IC:/Users/ASUS/STM32Cube/Repository/STM32Cube_FW_F4_V1.28.3/Drivers/STM32F4xx_HAL_Driver/Inc -IC:/Users/ASUS/STM32Cube/Repository/STM32Cube_FW_F4_V1.28.3/Drivers/STM32F4xx_HAL_Driver/Inc/Legacy -IC:/Users/ASUS/STM32Cube/Repository/STM32Cube_FW_F4_V1.28.3/Drivers/CMSIS/Device/ST/STM32F4xx/Include -IC:/Users/ASUS/STM32Cube/Repository/STM32Cube_FW_F4_V1.28.3/Drivers/CMSIS/Include -O0 -ffunction-sections -fdata-sections -Wall -fstack-usage -fcyclomatic-complexity -MMD -MP -MF"Core/Src/liquidcrystal_i2c.d" -MT"Core/Src/liquidcrystal_i2c.o" --specs=nano.specs -mfpu=fpv4-sp-d16 -mfloat-abi=hard -mthumb -o "Core/Src/liquidcrystal_i2c.o"
../Core/Src/liquidcrystal_i2c.c:16:13: warning: 'ExpanderWrite' used but never defined
   16 | static void ExpanderWrite(uint8_t);
      |             ^~~~~~~~~~~~~
arm-none-eabi-gcc -o "DoAnNe.elf" @"objects.list"   -mcpu=cortex-m4 -T"C:\Users\ASUS\Desktop\UIT\HK3\HeThongNhung_CE224.Q13\DoAnNe\DoAnNe\STM32F407VETX_FLASH.ld" --specs=nosys.specs -Wl,-Map="DoAnNe.map" -Wl,--gc-sections -static --specs=nano.specs -mfpu=fpv4-sp-d16 -mfloat-abi=hard -mthumb -Wl,--start-group -lc -lm -Wl,--end-group
Finished building target: DoAnNe.elf
 
arm-none-eabi-size  DoAnNe.elf 
arm-none-eabi-objdump -h -S DoAnNe.elf  > "DoAnNe.list"
   text	   data	    bss	    dec	    hex	filename
  11864	     12	   1812	  13688	   3578	DoAnNe.elf
Finished building: default.size.stdout
 
Finished building: DoAnNe.list
 
14:58:27 **** Clean-only build of configuration Debug for project DoAnNe ****
make -j12 clean 
rm -rf ./Drivers/STM32F4xx_HAL_Driver/stm32f4xx_hal.cyclo ./Drivers/STM32F4xx_HAL_Driver/stm32f4xx_hal.d ./Drivers/STM32F4xx_HAL_Driver/stm32f4xx_hal.o ./Drivers/STM32F4xx_HAL_Driver/stm32f4xx_hal.su ./Drivers/STM32F4xx_HAL_Driver/stm32f4xx_hal_cortex.cyclo ./Drivers/STM32F4xx_HAL_Driver/stm32f4xx_hal_cortex.d ./Drivers/STM32F4xx_HAL_Driver/stm32f4xx_hal_cortex.o ./Drivers/STM32F4xx_HAL_Driver/stm32f4xx_hal_cortex.su ./Drivers/STM32F4xx_HAL_Driver/stm32f4xx_hal_dma.cyclo ./Drivers/STM32F4xx_HAL_Driver/stm32f4xx_hal_dma.d ./Drivers/STM32F4xx_HAL_Driver/stm32f4xx_hal_dma.o ./Drivers/STM32F4xx_HAL_Driver/stm32f4xx_hal_dma.su ./Drivers/STM32F4xx_HAL_Driver/stm32f4xx_hal_dma_ex.cyclo ./Drivers/STM32F4xx_HAL_Driver/stm32f4xx_hal_dma_ex.d ./Drivers/STM32F4xx_HAL_Driver/stm32f4xx_hal_dma_ex.o ./Drivers/STM32F4xx_HAL_Driver/stm32f4xx_hal_dma_ex.su ./Drivers/STM32F4xx_HAL_Driver/stm32f4xx_hal_exti.cyclo ./Drivers/STM32F4xx_HAL_Driver/stm32f4xx_hal_exti.d ./Drivers/STM32F4xx_HAL_Driver/stm32f4xx_hal_exti.o ./Drivers/STM32F4xx_HAL_Driver/stm32f4xx_hal_exti.su ./Drivers/STM32F4xx_HAL_Driver/stm32f4xx_hal_flash.cyclo ./Drivers/STM32F4xx_HAL_Driver/stm32f4xx_hal_flash.d ./Drivers/STM32F4xx_HAL_Driver/stm32f4xx_hal_flash.o ./Drivers/STM32F4xx_HAL_Driver/stm32f4xx_hal_flash.su ./Drivers/STM32F4xx_HAL_Driver/stm32f4xx_hal_flash_ex.cyclo ./Drivers/STM32F4xx_HAL_Driver/stm32f4xx_hal_flash_ex.d ./Drivers/STM32F4xx_HAL_Driver/stm32f4xx_hal_flash_ex.o ./Drivers/STM32F4xx_HAL_Driver/stm32f4xx_hal_flash_ex.su ./Drivers/STM32F4xx_HAL_Driver/stm32f4xx_hal_flash_ramfunc.cyclo ./Drivers/STM32F4xx_HAL_Driver/stm32f4xx_hal_flash_ramfunc.d ./Drivers/STM32F4xx_HAL_Driver/stm32f4xx_hal_flash_ramfunc.o ./Drivers/STM32F4xx_HAL_Driver/stm32f4xx_hal_flash_ramfunc.su ./Drivers/STM32F4xx_HAL_Driver/stm32f4xx_hal_gpio.cyclo ./Drivers/STM32F4xx_HAL_Driver/stm32f4xx_hal_gpio.d ./Drivers/STM32F4xx_HAL_Driver/stm32f4xx_hal_gpio.o ./Drivers/STM32F4xx_HAL_Driver/stm32f4xx_hal_gpio.su ./Drivers/STM32F4xx_HAL_Driver/stm32f4xx_hal_i2c.cyclo ./Drivers/STM32F4xx_HAL_Driver/stm32f4xx_hal_i2c.d ./Drivers/STM32F4xx_HAL_Driver/stm32f4xx_hal_i2c.o ./Drivers/STM32F4xx_HAL_Driver/stm32f4xx_hal_i2c.su ./Drivers/STM32F4xx_HAL_Driver/stm32f4xx_hal_i2c_ex.cyclo ./Drivers/STM32F4xx_HAL_Driver/stm32f4xx_hal_i2c_ex.d ./Drivers/STM32F4xx_HAL_Driver/stm32f4xx_hal_i2c_ex.o ./Drivers/STM32F4xx_HAL_Driver/stm32f4xx_hal_i2c_ex.su ./Drivers/STM32F4xx_HAL_Driver/stm32f4xx_hal_pwr.cyclo ./Drivers/STM32F4xx_HAL_Driver/stm32f4xx_hal_pwr.d ./Drivers/STM32F4xx_HAL_Driver/stm32f4xx_hal_pwr.o ./Drivers/STM32F4xx_HAL_Driver/stm32f4xx_hal_pwr.su ./Drivers/STM32F4xx_HAL_Driver/stm32f4xx_hal_pwr_ex.cyclo ./Drivers/STM32F4xx_HAL_Driver/stm32f4xx_hal_pwr_ex.d ./Drivers/STM32F4xx_HAL_Driver/stm32f4xx_hal_pwr_ex.o ./Drivers/STM32F4xx_HAL_Driver/stm32f4xx_hal_pwr_ex.su ./Drivers/STM32F4xx_HAL_Driver/stm32f4xx_hal_rcc.cyclo ./Drivers/STM32F4xx_HAL_Driver/stm32f4xx_hal_rcc.d ./Drivers/STM32F4xx_HAL_Driver/stm32f4xx_hal_rcc.o ./Drivers/STM32F4xx_HAL_Driver/stm32f4xx_hal_rcc.su ./Drivers/STM32F4xx_HAL_Driver/stm32f4xx_hal_rcc_ex.cyclo ./Drivers/STM32F4xx_HAL_Driver/stm32f4xx_hal_rcc_ex.d ./Drivers/STM32F4xx_HAL_Driver/stm32f4xx_hal_rcc_ex.o ./Drivers/STM32F4xx_HAL_Driver/stm32f4xx_hal_rcc_ex.su ./Drivers/STM32F4xx_HAL_Driver/stm32f4xx_hal_spi.cyclo ./Drivers/STM32F4xx_HAL_Driver/stm32f4xx_hal_spi.d ./Drivers/STM32F4xx_HAL_Driver/stm32f4xx_hal_spi.o ./Drivers/STM32F4xx_HAL_Driver/stm32f4xx_hal_spi.su ./Drivers/STM32F4xx_HAL_Driver/stm32f4xx_hal_tim.cyclo ./Drivers/STM32F4xx_HAL_Driver/stm32f4xx_hal_tim.d ./Drivers/STM32F4xx_HAL_Driver/stm32f4xx_hal_tim.o ./Drivers/STM32F4xx_HAL_Driver/stm32f4xx_hal_tim.su ./Drivers/STM32F4xx_HAL_Driver/stm32f4xx_hal_tim_ex.cyclo ./Drivers/STM32F4xx_HAL_Driver/stm32f4xx_hal_tim_ex.d ./Drivers/STM32F4xx_HAL_Driver/stm32f4xx_hal_tim_ex.o ./Drivers/STM32F4xx_HAL_Driver/stm32f4xx_hal_tim_ex.su
rm -rf ./Core/Startup/startup_stm32f407vetx.d ./Core/Startup/startup_stm32f407vetx.o
rm -rf ./Core/Src/RC522.cyclo ./Core/Src/RC522.d ./Core/Src/RC522.o ./Core/Src/RC522.su ./Core/Src/keypad.cyclo ./Core/Src/keypad.d ./Core/Src/keypad.o ./Core/Src/keypad.su ./Core/Src/liquidcrystal_i2c.cyclo ./Core/Src/liquidcrystal_i2c.d ./Core/Src/liquidcrystal_i2c.o ./Core/Src/liquidcrystal_i2c.su ./Core/Src/main.cyclo ./Core/Src/main.d ./Core/Src/main.o ./Core/Src/main.su ./Core/Src/stm32f4xx_hal_msp.cyclo ./Core/Src/stm32f4xx_hal_msp.d ./Core/Src/stm32f4xx_hal_msp.o ./Core/Src/stm32f4xx_hal_msp.su ./Core/Src/stm32f4xx_it.cyclo ./Core/Src/stm32f4xx_it.d ./Core/Src/stm32f4xx_it.o ./Core/Src/stm32f4xx_it.su ./Core/Src/syscalls.cyclo ./Core/Src/syscalls.d ./Core/Src/syscalls.o ./Core/Src/syscalls.su ./Core/Src/sysmem.cyclo ./Core/Src/sysmem.d ./Core/Src/sysmem.o ./Core/Src/sysmem.su ./Core/Src/system_stm32f4xx.cyclo ./Core/Src/system_stm32f4xx.d ./Core/Src/system_stm32f4xx.o ./Core/Src/system_stm32f4xx.su
rm -rf DoAnNe.elf DoAnNe.list DoAnNe.map default.size.stdout
 
14:58:28 **** Build of configuration Debug for project DoAnNe ****
make -j12 all 
arm-none-eabi-gcc "C:/Users/ASUS/STM32Cube/Repository/STM32Cube_FW_F4_V1.28.3/Drivers/STM32F4xx_HAL_Driver/Src/stm32f4xx_hal.c" -mcpu=cortex-m4 -std=gnu11 -g3 -DDEBUG -DUSE_HAL_DRIVER -DSTM32F407xx -c -I../Core/Inc -IC:/Users/ASUS/STM32Cube/Repository/STM32Cube_FW_F4_V1.28.3/Drivers/STM32F4xx_HAL_Driver/Inc -IC:/Users/ASUS/STM32Cube/Repository/STM32Cube_FW_F4_V1.28.3/Drivers/STM32F4xx_HAL_Driver/Inc/Legacy -IC:/Users/ASUS/STM32Cube/Repository/STM32Cube_FW_F4_V1.28.3/Drivers/CMSIS/Device/ST/STM32F4xx/Include -IC:/Users/ASUS/STM32Cube/Repository/STM32Cube_FW_F4_V1.28.3/Drivers/CMSIS/Include -O0 -ffunction-sections -fdata-sections -Wall -fstack-usage -fcyclomatic-complexity -MMD -MP -MF"Drivers/STM32F4xx_HAL_Driver/stm32f4xx_hal.d" -MT"Drivers/STM32F4xx_HAL_Driver/stm32f4xx_hal.o" --specs=nano.specs -mfpu=fpv4-sp-d16 -mfloat-abi=hard -mthumb -o "Drivers/STM32F4xx_HAL_Driver/stm32f4xx_hal.o"
arm-none-eabi-gcc "C:/Users/ASUS/STM32Cube/Repository/STM32Cube_FW_F4_V1.28.3/Drivers/STM32F4xx_HAL_Driver/Src/stm32f4xx_hal_cortex.c" -mcpu=cortex-m4 -std=gnu11 -g3 -DDEBUG -DUSE_HAL_DRIVER -DSTM32F407xx -c -I../Core/Inc -IC:/Users/ASUS/STM32Cube/Repository/STM32Cube_FW_F4_V1.28.3/Drivers/STM32F4xx_HAL_Driver/Inc -IC:/Users/ASUS/STM32Cube/Repository/STM32Cube_FW_F4_V1.28.3/Drivers/STM32F4xx_HAL_Driver/Inc/Legacy -IC:/Users/ASUS/STM32Cube/Repository/STM32Cube_FW_F4_V1.28.3/Drivers/CMSIS/Device/ST/STM32F4xx/Include -IC:/Users/ASUS/STM32Cube/Repository/STM32Cube_FW_F4_V1.28.3/Drivers/CMSIS/Include -O0 -ffunction-sections -fdata-sections -Wall -fstack-usage -fcyclomatic-complexity -MMD -MP -MF"Drivers/STM32F4xx_HAL_Driver/stm32f4xx_hal_cortex.d" -MT"Drivers/STM32F4xx_HAL_Driver/stm32f4xx_hal_cortex.o" --specs=nano.specs -mfpu=fpv4-sp-d16 -mfloat-abi=hard -mthumb -o "Drivers/STM32F4xx_HAL_Driver/stm32f4xx_hal_cortex.o"
arm-none-eabi-gcc "C:/Users/ASUS/STM32Cube/Repository/STM32Cube_FW_F4_V1.28.3/Drivers/STM32F4xx_HAL_Driver/Src/stm32f4xx_hal_dma.c" -mcpu=cortex-m4 -std=gnu11 -g3 -DDEBUG -DUSE_HAL_DRIVER -DSTM32F407xx -c -I../Core/Inc -IC:/Users/ASUS/STM32Cube/Repository/STM32Cube_FW_F4_V1.28.3/Drivers/STM32F4xx_HAL_Driver/Inc -IC:/Users/ASUS/STM32Cube/Repository/STM32Cube_FW_F4_V1.28.3/Drivers/STM32F4xx_HAL_Driver/Inc/Legacy -IC:/Users/ASUS/STM32Cube/Repository/STM32Cube_FW_F4_V1.28.3/Drivers/CMSIS/Device/ST/STM32F4xx/Include -IC:/Users/ASUS/STM32Cube/Repository/STM32Cube_FW_F4_V1.28.3/Drivers/CMSIS/Include -O0 -ffunction-sections -fdata-sections -Wall -fstack-usage -fcyclomatic-complexity -MMD -MP -MF"Drivers/STM32F4xx_HAL_Driver/stm32f4xx_hal_dma.d" -MT"Drivers/STM32F4xx_HAL_Driver/stm32f4xx_hal_dma.o" --specs=nano.specs -mfpu=fpv4-sp-d16 -mfloat-abi=hard -mthumb -o "Drivers/STM32F4xx_HAL_Driver/stm32f4xx_hal_dma.o"
arm-none-eabi-gcc "C:/Users/ASUS/STM32Cube/Repository/STM32Cube_FW_F4_V1.28.3/Drivers/STM32F4xx_HAL_Driver/Src/stm32f4xx_hal_dma_ex.c" -mcpu=cortex-m4 -std=gnu11 -g3 -DDEBUG -DUSE_HAL_DRIVER -DSTM32F407xx -c -I../Core/Inc -IC:/Users/ASUS/STM32Cube/Repository/STM32Cube_FW_F4_V1.28.3/Drivers/STM32F4xx_HAL_Driver/Inc -IC:/Users/ASUS/STM32Cube/Repository/STM32Cube_FW_F4_V1.28.3/Drivers/STM32F4xx_HAL_Driver/Inc/Legacy -IC:/Users/ASUS/STM32Cube/Repository/STM32Cube_FW_F4_V1.28.3/Drivers/CMSIS/Device/ST/STM32F4xx/Include -IC:/Users/ASUS/STM32Cube/Repository/STM32Cube_FW_F4_V1.28.3/Drivers/CMSIS/Include -O0 -ffunction-sections -fdata-sections -Wall -fstack-usage -fcyclomatic-complexity -MMD -MP -MF"Drivers/STM32F4xx_HAL_Driver/stm32f4xx_hal_dma_ex.d" -MT"Drivers/STM32F4xx_HAL_Driver/stm32f4xx_hal_dma_ex.o" --specs=nano.specs -mfpu=fpv4-sp-d16 -mfloat-abi=hard -mthumb -o "Drivers/STM32F4xx_HAL_Driver/stm32f4xx_hal_dma_ex.o"
arm-none-eabi-gcc "C:/Users/ASUS/STM32Cube/Repository/STM32Cube_FW_F4_V1.28.3/Drivers/STM32F4xx_HAL_Driver/Src/stm32f4xx_hal_exti.c" -mcpu=cortex-m4 -std=gnu11 -g3 -DDEBUG -DUSE_HAL_DRIVER -DSTM32F407xx -c -I../Core/Inc -IC:/Users/ASUS/STM32Cube/Repository/STM32Cube_FW_F4_V1.28.3/Drivers/STM32F4xx_HAL_Driver/Inc -IC:/Users/ASUS/STM32Cube/Repository/STM32Cube_FW_F4_V1.28.3/Drivers/STM32F4xx_HAL_Driver/Inc/Legacy -IC:/Users/ASUS/STM32Cube/Repository/STM32Cube_FW_F4_V1.28.3/Drivers/CMSIS/Device/ST/STM32F4xx/Include -IC:/Users/ASUS/STM32Cube/Repository/STM32Cube_FW_F4_V1.28.3/Drivers/CMSIS/Include -O0 -ffunction-sections -fdata-sections -Wall -fstack-usage -fcyclomatic-complexity -MMD -MP -MF"Drivers/STM32F4xx_HAL_Driver/stm32f4xx_hal_exti.d" -MT"Drivers/STM32F4xx_HAL_Driver/stm32f4xx_hal_exti.o" --specs=nano.specs -mfpu=fpv4-sp-d16 -mfloat-abi=hard -mthumb -o "Drivers/STM32F4xx_HAL_Driver/stm32f4xx_hal_exti.o"
[...]
../Core/Src/main.c: In function 'Auto_Open_Door':
../Core/Src/main.c:106:41: warning: implicit declaration of function 'Buzzer_Beep_Short' [-Wimplicit-function-declaration]
  106 |                                         Buzzer_Beep_Short();
      |                                         ^~~~~~~~~~~~~~~~~
../Core/Src/main.c: At top level:
../Core/Src/main.c:140:6: warning: conflicting types for 'Buzzer_Beep_Short'; have 'void()'
  140 | void Buzzer_Beep_Short()
      |      ^~~~~~~~~~~~~~~~~
../Core/Src/main.c:106:41: note: previous implicit declaration of 'Buzzer_Beep_Short' with type 'void()'
  106 |                                         Buzzer_Beep_Short();
      |                                         ^~~~~~~~~~~~~~~~~
arm-none-eabi-gcc -o "DoAnNe.elf" @"objects.list"   -mcpu=cortex-m4 -T"C:\Users\ASUS\Desktop\UIT\HK3\HeThongNhung_CE224.Q13\DoAnNe\DoAnNe\STM32F407VETX_FLASH.ld" --specs=nosys.specs -Wl,-Map="DoAnNe.map" -Wl,--gc-sections -static --specs=nano.specs -mfpu=fpv4-sp-d16 -mfloat-abi=hard -mthumb -Wl,--start-group -lc -lm -Wl,--end-group
Finished building target: DoAnNe.elf
 
arm-none-eabi-size  DoAnNe.elf 
arm-none-eabi-objdump -h -S DoAnNe.elf  > "DoAnNe.list"
   text	   data	    bss	    dec	    hex	filename
  17560	     60	   1844	  19464	   4c08	DoAnNe.elf
Finished building: default.size.stdout
 
Finished building: DoAnNe.list
 
20:42:21 **** Incremental Build of configuration Debug for project DoAnNe ****
make -j12 all 
arm-none-eabi-size  DoAnNe.elf 
   text	   data	    bss	    dec	    hex	filename
  17560	     60	   1844	  19464	   4c08	DoAnNe.elf
Finished building: default.size.stdout
 
20:50:55 **** Incremental Build of configuration Debug for project DoAnNe ****
make -j12 all 
arm-none-eabi-size  DoAnNe.elf 
   text	   data	    bss	    dec	    hex	filename
  17560	     60	   1844	  19464	   4c08	DoAnNe.elf
Finished building: default.size.stdout
 
20:51:15 **** Incremental Build of configuration Debug for project DoAnNe ****
make -j12 all 
arm-none-eabi-size  DoAnNe.elf 
   text	   data	    bss	    dec	    hex	filename
  17560	     60	   1844	  19464	   4c08	DoAnNe.elf
Finished building: default.size.stdout
 
21:25:30 **** Incremental Build of configuration Debug for project DoAnNe ****
make -j12 all 
arm-none-eabi-gcc "../Core/Src/main.c" -mcpu=cortex-m4 -std=gnu11 -g3 -DDEBUG -DUSE_HAL_DRIVER -DSTM32F407xx -c -I../Core/Inc -I../Drivers/STM32F4xx_HAL_Driver/Inc -I../Drivers/STM32F4xx_HAL_Driver/Inc/Legacy -I../Drivers/CMSIS/Device/ST/STM32F4xx/Include -I../Drivers/CMSIS/Include -O0 -ffunction-sections -fdata-sections -Wall -fstack-usage -fcyclomatic-complexity -MMD -MP -MF"Core/Src/main.d" -MT"Core/Src/main.o" --specs=nano.specs -mfpu=fpv4-sp-d16 -mfloat-abi=hard -mthumb -o "Core/Src/main.o"
../Core/Src/main.c: In function 'Auto_Open_Door':
../Core/Src/main.c:106:41: warning: implicit declaration of function 'Buzzer_Beep_Short' [-Wimplicit-function-declaration]
  106 |                                         Buzzer_Beep_Short();
      |                                         ^~~~~~~~~~~~~~~~~
../Core/Src/main.c: At top level:
../Core/Src/main.c:140:6: warning: conflicting types for 'Buzzer_Beep_Short'; have 'void()'
  140 | void Buzzer_Beep_Short()
      |      ^~~~~~~~~~~~~~~~~
../Core/Src/main.c:106:41: note: previous implicit declaration of 'Buzzer_Beep_Short' with type 'void()'
  106 |                                         Buzzer_Beep_Short();
      |                                         ^~~~~~~~~~~~~~~~~
arm-none-eabi-gcc -o "DoAnNe.elf" @"objects.list"   -mcpu=cortex-m4 -T"C:\Users\ASUS\Desktop\UIT\HK3\HeThongNhung_CE224.Q13\DoAnNe\DoAnNe\STM32F407VETX_FLASH.ld" --specs=nosys.specs -Wl,-Map="DoAnNe.map" -Wl,--gc-sections -static --specs=nano.specs -mfpu=fpv4-sp-d16 -mfloat-abi=hard -mthumb -Wl,--start-group -lc -lm -Wl,--end-group
Finished building target: DoAnNe.elf
 
arm-none-eabi-size  DoAnNe.elf 
arm-none-eabi-objdump -h -S DoAnNe.elf  > "DoAnNe.list"
   text	   data	    bss	    dec	    hex	filename
  17624	     60	   1844	  19528	   4c48	DoAnNe.elf
Finished building: default.size.stdout
 
Finished building: DoAnNe.list
 
21:26:41 **** Incremental Build of configuration Debug for project DoAnNe ****
make -j12 all 
arm-none-eabi-size  DoAnNe.elf 
   text	   data	    bss	    dec	    hex	filename
  17624	     60	   1844	  19528	   4c48	DoAnNe.elf
Finished building: default.size.stdout
 
21:29:57 **** Incremental Build of configuration Debug for project DoAnNe ****
make -j12 all 
arm-none-eabi-gcc "../Core/Src/main.c" -mcpu=cortex-m4 -std=gnu11 -g3 -DDEBUG -DUSE_HAL_DRIVER -DSTM32F407xx -c -I../Core/Inc -I../Drivers/STM32F4xx_HAL_Driver/Inc -I../Drivers/STM32F4xx_HAL_Driver/Inc/Legacy -I../Drivers/CMSIS/Device/ST/STM32F4xx/Include -I../Drivers/CMSIS/Include -O0 -ffunction-sections -fdata-sections -Wall -fstack-usage -fcyclomatic-complexity -MMD -MP -MF"Core/Src/main.d" -MT"Core/Src/main.o" --specs=nano.specs -mfpu=fpv4-sp-d16 -mfloat-abi=hard -mthumb -o "Core/Src/main.o"
../Core/Src/main.c: In function 'Auto_Open_Door':
../Core/Src/main.c:106:41: warning: implicit declaration of function 'Buzzer_Beep_Short' [-Wimplicit-function-declaration]
  106 |                                         Buzzer_Beep_Short();
      |                                         ^~~~~~~~~~~~~~~~~
../Core/Src/main.c: At top level:
../Core/Src/main.c:140:6: warning: conflicting types for 'Buzzer_Beep_Short'; have 'void()'
  140 | void Buzzer_Beep_Short()
      |      ^~~~~~~~~~~~~~~~~
../Core/Src/main.c:106:41: note: previous implicit declaration of 'Buzzer_Beep_Short' with type 'void()'
  106 |                                         Buzzer_Beep_Short();
      |                                         ^~~~~~~~~~~~~~~~~
arm-none-eabi-gcc -o "DoAnNe.elf" @"objects.list"   -mcpu=cortex-m4 -T"C:\Users\ASUS\Desktop\UIT\HK3\HeThongNhung_CE224.Q13\DoAnNe\DoAnNe\STM32F407VETX_FLASH.ld" --specs=nosys.specs -Wl,-Map="DoAnNe.map" -Wl,--gc-sections -static --specs=nano.specs -mfpu=fpv4-sp-d16 -mfloat-abi=hard -mthumb -Wl,--start-group -lc -lm -Wl,--end-group
Finished building target: DoAnNe.elf
 
arm-none-eabi-size  DoAnNe.elf 
arm-none-eabi-objdump -h -S DoAnNe.elf  > "DoAnNe.list"
   text	   data	    bss	    dec	    hex	filename
  17632	     60	   1844	  19536	   4c50	DoAnNe.elf
Finished building: default.size.stdout
 
Finished building: DoAnNe.list
 
21:30:04 **** Incremental Build of configuration Debug for project DoAnNe ****
make -j12 all 
arm-none-eabi-size  DoAnNe.elf 
   text	   data	    bss	    dec	    hex	filename
  17632	     60	   1844	  19536	   4c50	DoAnNe.elf
Finished building: default.size.stdout
 
21:32:01 **** Incremental Build of configuration Debug for project DoAnNe ****
make -j12 all 
arm-none-eabi-gcc "../Core/Src/main.c" -mcpu=cortex-m4 -std=gnu11 -g3 -DDEBUG -DUSE_HAL_DRIVER -DSTM32F407xx -c -I../Core/Inc -I../Drivers/STM32F4xx_HAL_Driver/Inc -I../Drivers/STM32F4xx_HAL_Driver/Inc/Legacy -I../Drivers/CMSIS/Device/ST/STM32F4xx/Include -I../Drivers/CMSIS/Include -O0 -ffunction-sections -fdata-sections -Wall -fstack-usage -fcyclomatic-complexity -MMD -MP -MF"Core/Src/main.d" -MT"Core/Src/main.o" --specs=nano.specs -mfpu=fpv4-sp-d16 -mfloat-abi=hard -mthumb -o "Core/Src/main.o"
../Core/Src/main.c: In function 'Auto_Open_Door':
../Core/Src/main.c:106:41: warning: implicit declaration of function 'Buzzer_Beep_Short' [-Wimplicit-function-declaration]
  106 |                                         Buzzer_Beep_Short();
      |                                         ^~~~~~~~~~~~~~~~~
../Core/Src/main.c: At top level:
../Core/Src/main.c:140:6: warning: conflicting types for 'Buzzer_Beep_Short'; have 'void()'
  140 | void Buzzer_Beep_Short()
      |      ^~~~~~~~~~~~~~~~~
../Core/Src/main.c:106:41: note: previous implicit declaration of 'Buzzer_Beep_Short' with type 'void()'
  106 |                                         Buzzer_Beep_Short();
      |                                         ^~~~~~~~~~~~~~~~~
arm-none-eabi-gcc -o "DoAnNe.elf" @"objects.list"   -mcpu=cortex-m4 -T"C:\Users\ASUS\Desktop\UIT\HK3\HeThongNhung_CE224.Q13\DoAnNe\DoAnNe\STM32F407VETX_FLASH.ld" --specs=nosys.specs -Wl,-Map="DoAnNe.map" -Wl,--gc-sections -static --specs=nano.specs -mfpu=fpv4-sp-d16 -mfloat-abi=hard -mthumb -Wl,--start-group -lc -lm -Wl,--end-group
Finished building target: DoAnNe.elf
 
arm-none-eabi-size  DoAnNe.elf 
arm-none-eabi-objdump -h -S DoAnNe.elf  > "DoAnNe.list"
   text	   data	    bss	    dec	    hex	filename
  17668	     60	   1844	  19572	   4c74	DoAnNe.elf
Finished building: default.size.stdout
 
Finished building: DoAnNe.list
 
21:32:25 **** Incremental Build of configuration Debug for project DoAnNe ****
make -j12 all 
arm-none-eabi-size  DoAnNe.elf 
   text	   data	    bss	    dec	    hex	filename
  17668	     60	   1844	  19572	   4c74	DoAnNe.elf
Finished building: default.size.stdout
 
21:41:03 **** Incremental Build of configuration Debug for project DoAnNe ****
make -j12 all 
arm-none-eabi-size  DoAnNe.elf 
   text	   data	    bss	    dec	    hex	filename
  17668	     60	   1844	  19572	   4c74	DoAnNe.elf
Finished building: default.size.stdout
 
21:58:04 **** Incremental Build of configuration Debug for project DoAnNe ****
make -j12 all 
arm-none-eabi-gcc "../Core/Src/main.c" -mcpu=cortex-m4 -std=gnu11 -g3 -DDEBUG -DUSE_HAL_DRIVER -DSTM32F407xx -c -I../Core/Inc -I../Drivers/STM32F4xx_HAL_Driver/Inc -I../Drivers/STM32F4xx_HAL_Driver/Inc/Legacy -I../Drivers/CMSIS/Device/ST/STM32F4xx/Include -I../Drivers/CMSIS/Include -O0 -ffunction-sections -fdata-sections -Wall -fstack-usage -fcyclomatic-complexity -MMD -MP -MF"Core/Src/main.d" -MT"Core/Src/main.o" --specs=nano.specs -mfpu=fpv4-sp-d16 -mfloat-abi=hard -mthumb -o "Core/Src/main.o"
../Core/Src/main.c: In function 'Auto_Open_Door':
../Core/Src/main.c:106:41: warning: implicit declaration of function 'Buzzer_Beep_Short' [-Wimplicit-function-declaration]
  106 |                                         Buzzer_Beep_Short();
      |                                         ^~~~~~~~~~~~~~~~~
../Core/Src/main.c: At top level:
../Core/Src/main.c:140:6: warning: conflicting types for 'Buzzer_Beep_Short'; have 'void()'
  140 | void Buzzer_Beep_Short()
      |      ^~~~~~~~~~~~~~~~~
../Core/Src/main.c:106:41: note: previous implicit declaration of 'Buzzer_Beep_Short' with type 'void()'
  106 |                                         Buzzer_Beep_Short();
      |                                         ^~~~~~~~~~~~~~~~~
arm-none-eabi-gcc -o "DoAnNe.elf" @"objects.list"   -mcpu=cortex-m4 -T"C:\Users\ASUS\Desktop\UIT\HK3\HeThongNhung_CE224.Q13\DoAnNe\DoAnNe\STM32F407VETX_FLASH.ld" --specs=nosys.specs -Wl,-Map="DoAnNe.map" -Wl,--gc-sections -static --specs=nano.specs -mfpu=fpv4-sp-d16 -mfloat-abi=hard -mthumb -Wl,--start-group -lc -lm -Wl,--end-group
Finished building target: DoAnNe.elf
 
arm-none-eabi-size  DoAnNe.elf 
arm-none-eabi-objdump -h -S DoAnNe.elf  > "DoAnNe.list"
   text	   data	    bss	    dec	    hex	filename
  17672	     60	   1844	  19576	   4c78	DoAnNe.elf
Finished building: default.size.stdout
 
Finished building: DoAnNe.list
 
07:34:34 **** Incremental Build of configuration Debug for project DoAnNe ****
make -j12 all 
arm-none-eabi-size  DoAnNe.elf 
   text	   data	    bss	    dec	    hex	filename
  17672	     60	   1844	  19576	   4c78	DoAnNe.elf
Finished building: default.size.stdout
 
07:35:02 **** Incremental Build of configuration Debug for project DoAnNe ****
make -j12 all 
arm-none-eabi-size  DoAnNe.elf 
   text	   data	    bss	    dec	    hex	filename
  17672	     60	   1844	  19576	   4c78	DoAnNe.elf
Finished building: default.size.stdout
 
07:36:07 **** Incremental Build of configuration Debug for project DoAnNe ****
make -j12 all 
arm-none-eabi-size  DoAnNe.elf 
   text	   data	    bss	    dec	    hex	filename
  17672	     60	   1844	  19576	   4c78	DoAnNe.elf
Finished building: default.size.stdout
 
07:37:50 **** Incremental Build of configuration Debug for project DoAnNe ****
make -j12 all 
arm-none-eabi-size  DoAnNe.elf 
   text	   data	    bss	    dec	    hex	filename
  17672	     60	   1844	  19576	   4c78	DoAnNe.elf
Finished building: default.size.stdout
 
07:40:00 **** Incremental Build of configuration Debug for project DoAnNe ****
make -j12 all 
arm-none-eabi-size  DoAnNe.elf 
   text	   data	    bss	    dec	    hex	filename
  17672	     60	   1844	  19576	   4c78	DoAnNe.elf
Finished building: default.size.stdout
 
07:42:11 **** Incremental Build of configuration Debug for project DoAnNe ****
make -j12 all 
arm-none-eabi-gcc "../Core/Src/main.c" -mcpu=cortex-m4 -std=gnu11 -g3 -DDEBUG -DUSE_HAL_DRIVER -DSTM32F407xx -c -I../Core/Inc -I../Drivers/STM32F4xx_HAL_Driver/Inc -I../Drivers/STM32F4xx_HAL_Driver/Inc/Legacy -I../Drivers/CMSIS/Device/ST/STM32F4xx/Include -I../Drivers/CMSIS/Include -O0 -ffunction-sections -fdata-sections -Wall -fstack-usage -fcyclomatic-complexity -MMD -MP -MF"Core/Src/main.d" -MT"Core/Src/main.o" --specs=nano.specs -mfpu=fpv4-sp-d16 -mfloat-abi=hard -mthumb -o "Core/Src/main.o"
../Core/Src/main.c: In function 'Auto_Open_Door':
../Core/Src/main.c:106:41: warning: implicit declaration of function 'Buzzer_Beep_Short' [-Wimplicit-function-declaration]
  106 |                                         Buzzer_Beep_Short();
      |                                         ^~~~~~~~~~~~~~~~~
../Core/Src/main.c: At top level:
../Core/Src/main.c:140:6: warning: conflicting types for 'Buzzer_Beep_Short'; have 'void()'
  140 | void Buzzer_Beep_Short()
      |      ^~~~~~~~~~~~~~~~~
../Core/Src/main.c:106:41: note: previous implicit declaration of 'Buzzer_Beep_Short' with type 'void()'
  106 |                                         Buzzer_Beep_Short();
      |                                         ^~~~~~~~~~~~~~~~~
arm-none-eabi-gcc -o "DoAnNe.elf" @"objects.list"   -mcpu=cortex-m4 -T"C:\Users\ASUS\Desktop\UIT\HK3\HeThongNhung_CE224.Q13\DoAnNe\DoAnNe\STM32F407VETX_FLASH.ld" --specs=nosys.specs -Wl,-Map="DoAnNe.map" -Wl,--gc-sections -static --specs=nano.specs -mfpu=fpv4-sp-d16 -mfloat-abi=hard -mthumb -Wl,--start-group -lc -lm -Wl,--end-group
Finished building target: DoAnNe.elf
 
arm-none-eabi-size  DoAnNe.elf 
arm-none-eabi-objdump -h -S DoAnNe.elf  > "DoAnNe.list"
   text	   data	    bss	    dec	    hex	filename
  17668	     60	   1844	  19572	   4c74	DoAnNe.elf
Finished building: default.size.stdout
 
Finished building: DoAnNe.list
 
07:44:55 **** Incremental Build of configuration Debug for project DoAnNe ****
make -j12 all 
arm-none-eabi-gcc "../Core/Src/main.c" -mcpu=cortex-m4 -std=gnu11 -g3 -DDEBUG -DUSE_HAL_DRIVER -DSTM32F407xx -c -I../Core/Inc -I../Drivers/STM32F4xx_HAL_Driver/Inc -I../Drivers/STM32F4xx_HAL_Driver/Inc/Legacy -I../Drivers/CMSIS/Device/ST/STM32F4xx/Include -I../Drivers/CMSIS/Include -O0 -ffunction-sections -fdata-sections -Wall -fstack-usage -fcyclomatic-complexity -MMD -MP -MF"Core/Src/main.d" -MT"Core/Src/main.o" --specs=nano.specs -mfpu=fpv4-sp-d16 -mfloat-abi=hard -mthumb -o "Core/Src/main.o"
../Core/Src/main.c: In function 'Auto_Open_Door':
../Core/Src/main.c:106:41: warning: implicit declaration of function 'Buzzer_Beep_Short' [-Wimplicit-function-declaration]
  106 |                                         Buzzer_Beep_Short();
      |                                         ^~~~~~~~~~~~~~~~~
../Core/Src/main.c: At top level:
../Core/Src/main.c:140:6: warning: conflicting types for 'Buzzer_Beep_Short'; have 'void()'
  140 | void Buzzer_Beep_Short()
      |      ^~~~~~~~~~~~~~~~~
../Core/Src/main.c:106:41: note: previous implicit declaration of 'Buzzer_Beep_Short' with type 'void()'
  106 |                                         Buzzer_Beep_Short();
      |                                         ^~~~~~~~~~~~~~~~~
arm-none-eabi-gcc -o "DoAnNe.elf" @"objects.list"   -mcpu=cortex-m4 -T"C:\Users\ASUS\Desktop\UIT\HK3\HeThongNhung_CE224.Q13\DoAnNe\DoAnNe\STM32F407VETX_FLASH.ld" --specs=nosys.specs -Wl,-Map="DoAnNe.map" -Wl,--gc-sections -static --specs=nano.specs -mfpu=fpv4-sp-d16 -mfloat-abi=hard -mthumb -Wl,--start-group -lc -lm -Wl,--end-group
Finished building target: DoAnNe.elf
 
arm-none-eabi-size  DoAnNe.elf 
arm-none-eabi-objdump -h -S DoAnNe.elf  > "DoAnNe.list"
   text	   data	    bss	    dec	    hex	filename
  17664	     60	   1844	  19568	   4c70	DoAnNe.elf
Finished building: default.size.stdout
 
Finished building: DoAnNe.list
 
07:58:46 **** Incremental Build of configuration Debug for project DoAnNe ****
make -j12 all 
arm-none-eabi-size  DoAnNe.elf 
   text	   data	    bss	    dec	    hex	filename
  17664	     60	   1844	  19568	   4c70	DoAnNe.elf
Finished building: default.size.stdout
 
08:00:44 **** Incremental Build of configuration Debug for project DoAnNe ****
make -j12 all 
arm-none-eabi-size  DoAnNe.elf 
   text	   data	    bss	    dec	    hex	filename
  17664	     60	   1844	  19568	   4c70	DoAnNe.elf
Finished building: default.size.stdout
 
11:25:02 **** Incremental Build of configuration Debug for project DoAnNe ****
make -j12 all 
arm-none-eabi-size  DoAnNe.elf 
   text	   data	    bss	    dec	    hex	filename
  17664	     60	   1844	  19568	   4c70	DoAnNe.elf
Finished building: default.size.stdout
 
11:28:24 **** Incremental Build of configuration Debug for project DoAnNe ****
make -j12 all 
arm-none-eabi-size  DoAnNe.elf 
   text	   data	    bss	    dec	    hex	filename
  17664	     60	   1844	  19568	   4c70	DoAnNe.elf
Finished building: default.size.stdout
 
11:31:17 **** Incremental Build of configuration Debug for project DoAnNe ****
make -j12 all 
arm-none-eabi-gcc "../Core/Src/main.c" -mcpu=cortex-m4 -std=gnu11 -g3 -DDEBUG -DUSE_HAL_DRIVER -DSTM32F407xx -c -I../Core/Inc -I../Drivers/STM32F4xx_HAL_Driver/Inc -I../Drivers/STM32F4xx_HAL_Driver/Inc/Legacy -I../Drivers/CMSIS/Device/ST/STM32F4xx/Include -I../Drivers/CMSIS/Include -O0 -ffunction-sections -fdata-sections -Wall -fstack-usage -fcyclomatic-complexity -MMD -MP -MF"Core/Src/main.d" -MT"Core/Src/main.o" --specs=nano.specs -mfpu=fpv4-sp-d16 -mfloat-abi=hard -mthumb -o "Core/Src/main.o"
../Core/Src/main.c: In function 'Auto_Open_Door':
../Core/Src/main.c:109:41: warning: implicit declaration of function 'Buzzer_Beep_Short' [-Wimplicit-function-declaration]
  109 |                                         Buzzer_Beep_Short();
      |                                         ^~~~~~~~~~~~~~~~~
../Core/Src/main.c: At top level:
../Core/Src/main.c:143:6: warning: conflicting types for 'Buzzer_Beep_Short'; have 'void()'
  143 | void Buzzer_Beep_Short()
      |      ^~~~~~~~~~~~~~~~~
../Core/Src/main.c:109:41: note: previous implicit declaration of 'Buzzer_Beep_Short' with type 'void()'
  109 |                                         Buzzer_Beep_Short();
      |                                         ^~~~~~~~~~~~~~~~~
arm-none-eabi-gcc -o "DoAnNe.elf" @"objects.list"   -mcpu=cortex-m4 -T"C:\Users\ASUS\Desktop\UIT\HK3\HeThongNhung_CE224.Q13\DoAnNe\DoAnNe\STM32F407VETX_FLASH.ld" --specs=nosys.specs -Wl,-Map="DoAnNe.map" -Wl,--gc-sections -static --specs=nano.specs -mfpu=fpv4-sp-d16 -mfloat-abi=hard -mthumb -Wl,--start-group -lc -lm -Wl,--end-group
Finished building target: DoAnNe.elf
 
arm-none-eabi-size  DoAnNe.elf 
arm-none-eabi-objdump -h -S DoAnNe.elf  > "DoAnNe.list"
   text	   data	    bss	    dec	    hex	filename
  17664	     60	   1844	  19568	   4c70	DoAnNe.elf
Finished building: default.size.stdout
 
Finished building: DoAnNe.list
 
11:31:33 **** Incremental Build of configuration Debug for project DoAnNe ****
make -j12 all 
arm-none-eabi-size  DoAnNe.elf 
   text	   data	    bss	    dec	    hex	filename
  17664	     60	   1844	  19568	   4c70	DoAnNe.elf
Finished building: default.size.stdout
 
11:32:07 **** Incremental Build of configuration Debug for project DoAnNe ****
make -j12 all 
arm-none-eabi-size  DoAnNe.elf 
   text	   data	    bss	    dec	    hex	filename
  17664	     60	   1844	  19568	   4c70	DoAnNe.elf
Finished building: default.size.stdout
 
