../Core/Src/main.c:90:6:Green_LED_On	16	static
../Core/Src/main.c:97:6:Set_Servo_Angle	32	static
../Core/Src/main.c:102:6:Auto_Open_Door	24	static
../Core/Src/main.c:118:9:Check_Card_Access	24	static
../Core/Src/main.c:143:6:Buzzer_Beep_Short	8	static
../Core/Src/main.c:150:6:Buzzer_Beep_Long	8	static
../Core/Src/main.c:164:5:main	32	static
../Core/Src/main.c:372:6:SystemClock_Config	88	static
../Core/Src/main.c:419:13:MX_I2C1_Init	8	static
../Core/Src/main.c:453:13:MX_SPI1_Init	8	static
../Core/Src/main.c:491:13:MX_TIM2_Init	64	static
../Core/Src/main.c:550:13:MX_GPIO_Init	48	static
../Core/Src/main.c:618:6:Error_Handler	4	static,ignoring_inline_asm
