../Core/Src/main.c:87:6:Green_LED_On	16	static
../Core/Src/main.c:94:6:Set_Servo_Angle	32	static
../Core/Src/main.c:99:6:Auto_Open_Door	24	static
../Core/Src/main.c:115:9:Check_Card_Access	24	static
../Core/Src/main.c:140:6:Buzzer_Beep_Short	8	static
../Core/Src/main.c:147:6:Buzzer_Beep_Long	8	static
../Core/Src/main.c:161:5:main	32	static
../Core/Src/main.c:347:6:SystemClock_Config	88	static
../Core/Src/main.c:394:13:MX_I2C1_Init	8	static
../Core/Src/main.c:428:13:MX_SPI1_Init	8	static
../Core/Src/main.c:466:13:MX_TIM2_Init	64	static
../Core/Src/main.c:525:13:MX_GPIO_Init	48	static
../Core/Src/main.c:593:6:Error_Handler	4	static,ignoring_inline_asm
